Archive member included because of file (symbol)

/home/waggle-student/.arduino15/packages/arduino/hardware/sam/1.6.12/variants/arduino_due_x/libsam_sam3x8e_gcc_rel.a(pio.o)
                              /home/waggle-student/Documents/waggle_repo/sensors/v4/integrated/firmware/build/libraries/Wire/Wire.cpp.o (PIO_Configure)
/home/waggle-student/.arduino15/packages/arduino/hardware/sam/1.6.12/variants/arduino_due_x/libsam_sam3x8e_gcc_rel.a(pmc.o)
                              /home/waggle-student/Documents/waggle_repo/sensors/v4/integrated/firmware/build/sketch/DueTimer/DueTimer.cpp.o (pmc_enable_periph_clk)
/home/waggle-student/.arduino15/packages/arduino/hardware/sam/1.6.12/variants/arduino_due_x/libsam_sam3x8e_gcc_rel.a(spi.o)
                              /home/waggle-student/Documents/waggle_repo/sensors/v4/integrated/firmware/build/libraries/SPI/SPI.cpp.o (SPI_Enable)
/home/waggle-student/.arduino15/packages/arduino/hardware/sam/1.6.12/variants/arduino_due_x/libsam_sam3x8e_gcc_rel.a(tc.o)
                              /home/waggle-student/Documents/waggle_repo/sensors/v4/integrated/firmware/build/sketch/DueTimer/DueTimer.cpp.o (TC_Configure)
/home/waggle-student/.arduino15/packages/arduino/hardware/sam/1.6.12/variants/arduino_due_x/libsam_sam3x8e_gcc_rel.a(twi.o)
                              /home/waggle-student/Documents/waggle_repo/sensors/v4/integrated/firmware/build/libraries/Wire/Wire.cpp.o (TWI_SetClock)
/home/waggle-student/.arduino15/packages/arduino/hardware/sam/1.6.12/variants/arduino_due_x/libsam_sam3x8e_gcc_rel.a(system_sam3xa.o)
                              /home/waggle-student/Documents/waggle_repo/sensors/v4/integrated/firmware/build/core/variant.cpp.o (SystemInit)
/home/waggle-student/.arduino15/packages/arduino/hardware/sam/1.6.12/variants/arduino_due_x/libsam_sam3x8e_gcc_rel.a(startup_sam3xa.o)
                              (Reset_Handler)
/home/waggle-student/.arduino15/packages/arduino/hardware/sam/1.6.12/variants/arduino_due_x/libsam_sam3x8e_gcc_rel.a(adc.o)
                              /home/waggle-student/Documents/waggle_repo/sensors/v4/integrated/firmware/build/core/variant.cpp.o (adc_init)
/home/waggle-student/.arduino15/packages/arduino/hardware/sam/1.6.12/variants/arduino_due_x/libsam_sam3x8e_gcc_rel.a(uotghs.o)
                              /home/waggle-student/.arduino15/packages/arduino/hardware/sam/1.6.12/variants/arduino_due_x/libsam_sam3x8e_gcc_rel.a(startup_sam3xa.o) (UOTGHS_Handler)
./build/core/core.a(WInterrupts.c.o)
                              /home/waggle-student/Documents/waggle_repo/sensors/v4/integrated/firmware/build/sketch/firmware.ino.cpp.o (attachInterrupt)
./build/core/core.a(cortex_handlers.c.o)
                              /home/waggle-student/.arduino15/packages/arduino/hardware/sam/1.6.12/variants/arduino_due_x/libsam_sam3x8e_gcc_rel.a(startup_sam3xa.o) (NMI_Handler)
./build/core/core.a(hooks.c.o)
                              ./build/core/core.a(cortex_handlers.c.o) (sysTickHook)
./build/core/core.a(itoa.c.o)
                              /home/waggle-student/Documents/waggle_repo/sensors/v4/integrated/firmware/build/sketch/firmware.ino.cpp.o (itoa)
./build/core/core.a(syscalls_sam3.c.o)
                              (_sbrk)
./build/core/core.a(wiring.c.o)
                              /home/waggle-student/Documents/waggle_repo/sensors/v4/integrated/firmware/build/sketch/firmware.ino.cpp.o (delay)
./build/core/core.a(wiring_analog.c.o)
                              /home/waggle-student/Documents/waggle_repo/sensors/v4/integrated/firmware/build/sketch/firmware.ino.cpp.o (analogRead)
./build/core/core.a(wiring_digital.c.o)
                              /home/waggle-student/Documents/waggle_repo/sensors/v4/integrated/firmware/build/sketch/firmware.ino.cpp.o (pinMode)
./build/core/core.a(Print.cpp.o)
                              /home/waggle-student/Documents/waggle_repo/sensors/v4/integrated/firmware/build/libraries/Wire/Wire.cpp.o (Print::write(unsigned char const*, unsigned int))
./build/core/core.a(Reset.cpp.o)
                              ./build/core/core.a(cortex_handlers.c.o) (tickReset)
./build/core/core.a(RingBuffer.cpp.o)
                              /home/waggle-student/Documents/waggle_repo/sensors/v4/integrated/firmware/build/core/variant.cpp.o (RingBuffer::RingBuffer())
./build/core/core.a(Stream.cpp.o)
                              /home/waggle-student/Documents/waggle_repo/sensors/v4/integrated/firmware/build/sketch/firmware.ino.cpp.o (Stream::setTimeout(unsigned long))
./build/core/core.a(UARTClass.cpp.o)
                              /home/waggle-student/Documents/waggle_repo/sensors/v4/integrated/firmware/build/sketch/firmware.ino.cpp.o (UARTClass::available())
./build/core/core.a(USARTClass.cpp.o)
                              /home/waggle-student/Documents/waggle_repo/sensors/v4/integrated/firmware/build/sketch/firmware.ino.cpp.o (USARTClass::begin(unsigned long))
./build/core/core.a(WString.cpp.o)
[...]
Memory Configuration

Name             Origin             Length             Attributes
rom              0x0000000000080000 0x0000000000080000 xr
sram0            0x0000000020000000 0x0000000000010000 xrw
sram1            0x0000000020080000 0x0000000000008000 xrw
ram              0x0000000020070000 0x0000000000018000 xrw
*default*        0x0000000000000000 0xffffffffffffffff

Linker script and memory map

LOAD /home/waggle-student/Documents/waggle_repo/toolset/arduino-1.6.7/Atmel_SAM/packages/arduino/tools/arm-none-eabi-gcc/4.8.3-2014q1/bin/../lib/gcc/arm-none-eabi/4.8.3/armv7-m/crti.o
LOAD /home/waggle-student/Documents/waggle_repo/toolset/arduino-1.6.7/Atmel_SAM/packages/arduino/tools/arm-none-eabi-gcc/4.8.3-2014q1/bin/../lib/gcc/arm-none-eabi/4.8.3/armv7-m/crtbegin.o
LOAD /home/waggle-student/Documents/waggle_repo/toolset/arduino-1.6.7/Atmel_SAM/packages/arduino/tools/arm-none-eabi-gcc/4.8.3-2014q1/bin/../lib/gcc/arm-none-eabi/4.8.3/../../../../arm-none-eabi/lib/armv7-m/crt0.o
START GROUP
LOAD /home/waggle-student/Documents/waggle_repo/sensors/v4/integrated/firmware/build/sketch/firmware.ino.cpp.o
LOAD /home/waggle-student/Documents/waggle_repo/sensors/v4/integrated/firmware/build/sketch/DueTimer/DueTimer.cpp.o
LOAD /home/waggle-student/Documents/waggle_repo/sensors/v4/integrated/firmware/build/sketch/MCP342X/MCP342X.cpp.o
LOAD /home/waggle-student/Documents/waggle_repo/sensors/v4/integrated/firmware/build/libraries/Wire/Wire.cpp.o
LOAD /home/waggle-student/Documents/waggle_repo/sensors/v4/integrated/firmware/build/libraries/SPI/SPI.cpp.o
LOAD /home/waggle-student/Documents/waggle_repo/sensors/v4/integrated/firmware/build/libraries/OneWire/OneWire.cpp.o
LOAD /home/waggle-student/Documents/waggle_repo/sensors/v4/integrated/firmware/build/core/variant.cpp.o
LOAD /home/waggle-student/.arduino15/packages/arduino/hardware/sam/1.6.12/variants/arduino_due_x/libsam_sam3x8e_gcc_rel.a
LOAD ./build/core/core.a
END GROUP
LOAD /home/waggle-student/Documents/waggle_repo/toolset/arduino-1.6.7/Atmel_SAM/packages/arduino/tools/arm-none-eabi-gcc/4.8.3-2014q1/bin/../lib/gcc/arm-none-eabi/4.8.3/../../../../arm-none-eabi/lib/armv7-m/libm.a
LOAD /home/waggle-student/Documents/waggle_repo/toolset/arduino-1.6.7/Atmel_SAM/packages/arduino/tools/arm-none-eabi-gcc/4.8.3-2014q1/bin/../lib/gcc/arm-none-eabi/4.8.3/armv7-m/libgcc.a
START GROUP
LOAD /home/waggle-student/Documents/waggle_repo/toolset/arduino-1.6.7/Atmel_SAM/packages/arduino/tools/arm-none-eabi-gcc/4.8.3-2014q1/bin/../lib/gcc/arm-none-eabi/4.8.3/armv7-m/libgcc.a
LOAD /home/waggle-student/Documents/waggle_repo/toolset/arduino-1.6.7/Atmel_SAM/packages/arduino/tools/arm-none-eabi-gcc/4.8.3-2014q1/bin/../lib/gcc/arm-none-eabi/4.8.3/../../../../arm-none-eabi/lib/armv7-m/libc.a
END GROUP
LOAD /home/waggle-student/Documents/waggle_repo/toolset/arduino-1.6.7/Atmel_SAM/packages/arduino/tools/arm-none-eabi-gcc/4.8.3-2014q1/bin/../lib/gcc/arm-none-eabi/4.8.3/armv7-m/crtend.o
LOAD /home/waggle-student/Documents/waggle_repo/toolset/arduino-1.6.7/Atmel_SAM/packages/arduino/tools/arm-none-eabi-gcc/4.8.3-2014q1/bin/../lib/gcc/arm-none-eabi/4.8.3/armv7-m/crtn.o

.text           0x0000000000080000     0xbe8c
                0x0000000000080000                . = ALIGN (0x4)
                0x0000000000080000                _sfixed = .
 *(.vectors .vectors.*)
 .vectors       0x0000000000080000       0xf4 /home/waggle-student/.arduino15/packages/arduino/hardware/sam/1.6.12/variants/arduino_due_x/libsam_sam3x8e_gcc_rel.a(startup_sam3xa.o)
                0x0000000000080000                exception_table
 *(.text .text.* .gnu.linkonce.t.*)
 .text          0x00000000000800f4       0x54 /home/waggle-student/Documents/waggle_repo/toolset/arduino-1.6.7/Atmel_SAM/packages/arduino/tools/arm-none-eabi-gcc/4.8.3-2014q1/bin/../lib/gcc/arm-none-eabi/4.8.3/armv7-m/crtbegin.o
 .text._Z15InitBusAnalog00Ph
                0x0000000000080148        0x2 /home/waggle-student/Documents/waggle_repo/sensors/v4/integrated/firmware/build/sketch/firmware.ino.cpp.o
                0x0000000000080148                InitBusAnalog00(unsigned char*)
 .text._Z17ConfigBusAnalog00Ph
                0x000000000008014a        0x2 /home/waggle-student/Documents/waggle_repo/sensors/v4/integrated/firmware/build/sketch/firmware.ino.cpp.o
                0x000000000008014a                ConfigBusAnalog00(unsigned char*)
 .text._Z17EnableBusAnalog00v
                0x000000000008014c        0x2 /home/waggle-student/Documents/waggle_repo/sensors/v4/integrated/firmware/build/sketch/firmware.ino.cpp.o
                0x000000000008014c                EnableBusAnalog00()
 .text._Z18DisableBusAnalog00v
                0x000000000008014e        0x2 /home/waggle-student/Documents/waggle_repo/sensors/v4/integrated/firmware/build/sketch/firmware.ino.cpp.o
                0x000000000008014e                DisableBusAnalog00()
 .text._Z16WriteBusAnalog00Ph
                0x0000000000080150        0x2 /home/waggle-student/Documents/waggle_repo/sensors/v4/integrated/firmware/build/sketch/firmware.ino.cpp.o
                0x0000000000080150                WriteBusAnalog00(unsigned char*)
 .text._Z15InitBusAnalog01Ph
                0x0000000000080152        0x2 /home/waggle-student/Documents/waggle_repo/sensors/v4/integrated/firmware/build/sketch/firmware.ino.cpp.o
                0x0000000000080152                InitBusAnalog01(unsigned char*)
 .text._Z17ConfigBusAnalog01Ph
                0x0000000000080154        0x2 /home/waggle-student/Documents/waggle_repo/sensors/v4/integrated/firmware/build/sketch/firmware.ino.cpp.o
                0x0000000000080154                ConfigBusAnalog01(unsigned char*)
 .text._Z17EnableBusAnalog01v
                0x0000000000080156        0x2 /home/waggle-student/Documents/waggle_repo/sensors/v4/integrated/firmware/build/sketch/firmware.ino.cpp.o
                0x0000000000080156                EnableBusAnalog01()
 .text._Z18DisableBusAnalog01v
                0x0000000000080158        0x2 /home/waggle-student/Documents/waggle_repo/sensors/v4/integrated/firmware/build/sketch/firmware.ino.cpp.o
                0x0000000000080158                DisableBusAnalog01()
 .text._Z16WriteBusAnalog01Ph
                0x000000000008015a        0x2 /home/waggle-student/Documents/waggle_repo/sensors/v4/integrated/firmware/build/sketch/firmware.ino.cpp.o
                0x000000000008015a                WriteBusAnalog01(unsigned char*)
 .text._Z15InitBusAnalog02Ph
                0x000000000008015c        0x2 /home/waggle-student/Documents/waggle_repo/sensors/v4/integrated/firmware/build/sketch/firmware.ino.cpp.o
                0x000000000008015c                InitBusAnalog02(unsigned char*)
 .text._Z17ConfigBusAnalog02Ph
                0x000000000008015e        0x2 /home/waggle-student/Documents/waggle_repo/sensors/v4/integrated/firmware/build/sketch/firmware.ino.cpp.o
                0x000000000008015e                ConfigBusAnalog02(unsigned char*)
 .text._Z17EnableBusAnalog02v
                0x0000000000080160        0x2 /home/waggle-student/Documents/waggle_repo/sensors/v4/integrated/firmware/build/sketch/firmware.ino.cpp.o
                0x0000000000080160                EnableBusAnalog02()
 .text._Z18DisableBusAnalog02v
                0x0000000000080162        0x2 /home/waggle-student/Documents/waggle_repo/sensors/v4/integrated/firmware/build/sketch/firmware.ino.cpp.o
                0x0000000000080162                DisableBusAnalog02()
 .text._Z16WriteBusAnalog02Ph
                0x0000000000080164        0x2 /home/waggle-student/Documents/waggle_repo/sensors/v4/integrated/firmware/build/sketch/firmware.ino.cpp.o
                0x0000000000080164                WriteBusAnalog02(unsigned char*)
 .text._Z15InitBusAnalog03Ph
                0x0000000000080166        0x2 /home/waggle-student/Documents/waggle_repo/sensors/v4/integrated/firmware/build/sketch/firmware.ino.cpp.o
                0x0000000000080166                InitBusAnalog03(unsigned char*)
 .text._Z17ConfigBusAnalog03Ph
                0x0000000000080168        0x2 /home/waggle-student/Documents/waggle_repo/sensors/v4/integrated/firmware/build/sketch/firmware.ino.cpp.o
                0x0000000000080168                ConfigBusAnalog03(unsigned char*)
 .text._Z17EnableBusAnalog03v
                0x000000000008016a        0x2 /home/waggle-student/Documents/waggle_repo/sensors/v4/integrated/firmware/build/sketch/firmware.ino.cpp.o
                0x000000000008016a                EnableBusAnalog03()
 .text._Z18DisableBusAnalog03v
                0x000000000008016c        0x2 /home/waggle-student/Documents/waggle_repo/sensors/v4/integrated/firmware/build/sketch/firmware.ino.cpp.o
                0x000000000008016c                DisableBusAnalog03()
 .text._Z16WriteBusAnalog03Ph
                0x000000000008016e        0x2 /home/waggle-student/Documents/waggle_repo/sensors/v4/integrated/firmware/build/sketch/firmware.ino.cpp.o
                0x000000000008016e                WriteBusAnalog03(unsigned char*)
 .text._Z15InitBusAnalog04Ph
                0x0000000000080170        0x2 /home/waggle-student/Documents/waggle_repo/sensors/v4/integrated/firmware/build/sketch/firmware.ino.cpp.o
                0x0000000000080170                InitBusAnalog04(unsigned char*)
 .text._Z17ConfigBusAnalog04Ph
                0x0000000000080172        0x2 /home/waggle-student/Documents/waggle_repo/sensors/v4/integrated/firmware/build/sketch/firmware.ino.cpp.o
                0x0000000000080172                ConfigBusAnalog04(unsigned char*)
 .text._Z17EnableBusAnalog04v
                0x0000000000080174        0x2 /home/waggle-student/Documents/waggle_repo/sensors/v4/integrated/firmware/build/sketch/firmware.ino.cpp.o
                0x0000000000080174                EnableBusAnalog04()
 .text._Z18DisableBusAnalog04v
                0x0000000000080176        0x2 /home/waggle-student/Documents/waggle_repo/sensors/v4/integrated/firmware/build/sketch/firmware.ino.cpp.o
                0x0000000000080176                DisableBusAnalog04()
 .text._Z16WriteBusAnalog04Ph
                0x0000000000080178        0x2 /home/waggle-student/Documents/waggle_repo/sensors/v4/integrated/firmware/build/sketch/firmware.ino.cpp.o
                0x0000000000080178                WriteBusAnalog04(unsigned char*)
 .text._Z15InitBusAnalog05Ph
                0x000000000008017a        0x2 /home/waggle-student/Documents/waggle_repo/sensors/v4/integrated/firmware/build/sketch/firmware.ino.cpp.o
                0x000000000008017a                InitBusAnalog05(unsigned char*)
 .text._Z17ConfigBusAnalog05Ph
                0x000000000008017c        0x2 /home/waggle-student/Documents/waggle_repo/sensors/v4/integrated/firmware/build/sketch/firmware.ino.cpp.o
                0x000000000008017c                ConfigBusAnalog05(unsigned char*)
 .text._Z17EnableBusAnalog05v
                0x000000000008017e        0x2 /home/waggle-student/Documents/waggle_repo/sensors/v4/integrated/firmware/build/sketch/firmware.ino.cpp.o
                0x000000000008017e                EnableBusAnalog05()
 .text._Z18DisableBusAnalog05v
                0x0000000000080180        0x2 /home/waggle-student/Documents/waggle_repo/sensors/v4/integrated/firmware/build/sketch/firmware.ino.cpp.o
                0x0000000000080180                DisableBusAnalog05()
 .text._Z16WriteBusAnalog05Ph
                0x0000000000080182        0x2 /home/waggle-student/Documents/waggle_repo/sensors/v4/integrated/firmware/build/sketch/firmware.ino.cpp.o
                0x0000000000080182                WriteBusAnalog05(unsigned char*)
 .text._Z15InitBusAnalog06Ph
                0x0000000000080184        0x2 /home/waggle-student/Documents/waggle_repo/sensors/v4/integrated/firmware/build/sketch/firmware.ino.cpp.o
                0x0000000000080184                InitBusAnalog06(unsigned char*)
 .text._Z17ConfigBusAnalog06Ph
                0x0000000000080186        0x2 /home/waggle-student/Documents/waggle_repo/sensors/v4/integrated/firmware/build/sketch/firmware.ino.cpp.o
                0x0000000000080186                ConfigBusAnalog06(unsigned char*)
 .text._Z17EnableBusAnalog06v
                0x0000000000080188        0x2 /home/waggle-student/Documents/waggle_repo/sensors/v4/integrated/firmware/build/sketch/firmware.ino.cpp.o
                0x0000000000080188                EnableBusAnalog06()
 .text._Z18DisableBusAnalog06v
                0x000000000008018a        0x2 /home/waggle-student/Documents/waggle_repo/sensors/v4/integrated/firmware/build/sketch/firmware.ino.cpp.o
                0x000000000008018a                DisableBusAnalog06()
 .text._Z16WriteBusAnalog06Ph
                0x000000000008018c        0x2 /home/waggle-student/Documents/waggle_repo/sensors/v4/integrated/firmware/build/sketch/firmware.ino.cpp.o
                0x000000000008018c                WriteBusAnalog06(unsigned char*)
 .text._Z15InitBusAnalog07Ph
                0x000000000008018e        0x2 /home/waggle-student/Documents/waggle_repo/sensors/v4/integrated/firmware/build/sketch/firmware.ino.cpp.o
                0x000000000008018e                InitBusAnalog07(unsigned char*)
 .text._Z17ConfigBusAnalog07Ph
                0x0000000000080190        0x2 /home/waggle-student/Documents/waggle_repo/sensors/v4/integrated/firmware/build/sketch/firmware.ino.cpp.o
                0x0000000000080190                ConfigBusAnalog07(unsigned char*)
 .text._Z17EnableBusAnalog07v
                0x0000000000080192        0x2 /home/waggle-student/Documents/waggle_repo/sensors/v4/integrated/firmware/build/sketch/firmware.ino.cpp.o
                0x0000000000080192                EnableBusAnalog07()
 .text._Z18DisableBusAnalog07v
                0x0000000000080194        0x2 /home/waggle-student/Documents/waggle_repo/sensors/v4/integrated/firmware/build/sketch/firmware.ino.cpp.o
                0x0000000000080194                DisableBusAnalog07()
 .text._Z16WriteBusAnalog07Ph
                0x0000000000080196        0x2 /home/waggle-student/Documents/waggle_repo/sensors/v4/integrated/firmware/build/sketch/firmware.ino.cpp.o
                0x0000000000080196                WriteBusAnalog07(unsigned char*)
 .text._Z15InitBusAnalog08Ph
                0x0000000000080198        0x2 /home/waggle-student/Documents/waggle_repo/sensors/v4/integrated/firmware/build/sketch/firmware.ino.cpp.o
                0x0000000000080198                InitBusAnalog08(unsigned char*)
 .text._Z17ConfigBusAnalog08Ph
                0x000000000008019a        0x2 /home/waggle-student/Documents/waggle_repo/sensors/v4/integrated/firmware/build/sketch/firmware.ino.cpp.o
                0x000000000008019a                ConfigBusAnalog08(unsigned char*)
 .text._Z17EnableBusAnalog08v
                0x000000000008019c        0x2 /home/waggle-student/Documents/waggle_repo/sensors/v4/integrated/firmware/build/sketch/firmware.ino.cpp.o
                0x000000000008019c                EnableBusAnalog08()
 .text._Z18DisableBusAnalog08v
                0x000000000008019e        0x2 /home/waggle-student/Documents/waggle_repo/sensors/v4/integrated/firmware/build/sketch/firmware.ino.cpp.o
                0x000000000008019e                DisableBusAnalog08()
 .text._Z16WriteBusAnalog08Ph
                0x00000000000801a0        0x2 /home/waggle-student/Documents/waggle_repo/sensors/v4/integrated/firmware/build/sketch/firmware.ino.cpp.o
                0x00000000000801a0                WriteBusAnalog08(unsigned char*)
 .text._Z15InitBusAnalog09Ph
                0x00000000000801a2        0x2 /home/waggle-student/Documents/waggle_repo/sensors/v4/integrated/firmware/build/sketch/firmware.ino.cpp.o
                0x00000000000801a2                InitBusAnalog09(unsigned char*)
 .text._Z17ConfigBusAnalog09Ph
                0x00000000000801a4        0x2 /home/waggle-student/Documents/waggle_repo/sensors/v4/integrated/firmware/build/sketch/firmware.ino.cpp.o
                0x00000000000801a4                ConfigBusAnalog09(unsigned char*)
 .text._Z17EnableBusAnalog09v
                0x00000000000801a6        0x2 /home/waggle-student/Documents/waggle_repo/sensors/v4/integrated/firmware/build/sketch/firmware.ino.cpp.o
                0x00000000000801a6                EnableBusAnalog09()
 .text._Z18DisableBusAnalog09v
                0x00000000000801a8        0x2 /home/waggle-student/Documents/waggle_repo/sensors/v4/integrated/firmware/build/sketch/firmware.ino.cpp.o
                0x00000000000801a8                DisableBusAnalog09()
 .text._Z16WriteBusAnalog09Ph
                0x00000000000801aa        0x2 /home/waggle-student/Documents/waggle_repo/sensors/v4/integrated/firmware/build/sketch/firmware.ino.cpp.o
                0x00000000000801aa                WriteBusAnalog09(unsigned char*)
 .text._Z15InitBusAnalog10Ph
                0x00000000000801ac        0x2 /home/waggle-student/Documents/waggle_repo/sensors/v4/integrated/firmware/build/sketch/firmware.ino.cpp.o
                0x00000000000801ac                InitBusAnalog10(unsigned char*)
 .text._Z17ConfigBusAnalog10Ph
                0x00000000000801ae        0x2 /home/waggle-student/Documents/waggle_repo/sensors/v4/integrated/firmware/build/sketch/firmware.ino.cpp.o
                0x00000000000801ae                ConfigBusAnalog10(unsigned char*)
 .text._Z17EnableBusAnalog10v
                0x00000000000801b0        0x2 /home/waggle-student/Documents/waggle_repo/sensors/v4/integrated/firmware/build/sketch/firmware.ino.cpp.o
                0x00000000000801b0                EnableBusAnalog10()
 .text._Z18DisableBusAnalog10v
                0x00000000000801b2        0x2 /home/waggle-student/Documents/waggle_repo/sensors/v4/integrated/firmware/build/sketch/firmware.ino.cpp.o
                0x00000000000801b2                DisableBusAnalog10()
 .text._Z16WriteBusAnalog10Ph
                0x00000000000801b4        0x2 /home/waggle-student/Documents/waggle_repo/sensors/v4/integrated/firmware/build/sketch/firmware.ino.cpp.o
                0x00000000000801b4                WriteBusAnalog10(unsigned char*)
 .text._Z15InitBusAnalog11Ph
                0x00000000000801b6        0x2 /home/waggle-student/Documents/waggle_repo/sensors/v4/integrated/firmware/build/sketch/firmware.ino.cpp.o
                0x00000000000801b6                InitBusAnalog11(unsigned char*)
 .text._Z17ConfigBusAnalog11Ph
                0x00000000000801b8        0x2 /home/waggle-student/Documents/waggle_repo/sensors/v4/integrated/firmware/build/sketch/firmware.ino.cpp.o
                0x00000000000801b8                ConfigBusAnalog11(unsigned char*)
 .text._Z17EnableBusAnalog11v
                0x00000000000801ba        0x2 /home/waggle-student/Documents/waggle_repo/sensors/v4/integrated/firmware/build/sketch/firmware.ino.cpp.o
                0x00000000000801ba                EnableBusAnalog11()
 .text._Z18DisableBusAnalog11v
                0x00000000000801bc        0x2 /home/waggle-student/Documents/waggle_repo/sensors/v4/integrated/firmware/build/sketch/firmware.ino.cpp.o
                0x00000000000801bc                DisableBusAnalog11()
 .text._Z16WriteBusAnalog11Ph
                0x00000000000801be        0x2 /home/waggle-student/Documents/waggle_repo/sensors/v4/integrated/firmware/build/sketch/firmware.ino.cpp.o
                0x00000000000801be                WriteBusAnalog11(unsigned char*)
 .text._Z18ConfigBusDigital33Ph
                0x00000000000801c0        0x2 /home/waggle-student/Documents/waggle_repo/sensors/v4/integrated/firmware/build/sketch/firmware.ino.cpp.o
                0x00000000000801c0                ConfigBusDigital33(unsigned char*)
 .text._Z18EnableBusDigital33v
                0x00000000000801c2        0x2 /home/waggle-student/Documents/waggle_repo/sensors/v4/integrated/firmware/build/sketch/firmware.ino.cpp.o
                0x00000000000801c2                EnableBusDigital33()
 .text._Z19DisableBusDigital33v
                0x00000000000801c4        0x2 /home/waggle-student/Documents/waggle_repo/sensors/v4/integrated/firmware/build/sketch/firmware.ino.cpp.o
                0x00000000000801c4                DisableBusDigital33()
 .text._Z18ConfigBusDigital34Ph
                0x00000000000801c6        0x2 /home/waggle-student/Documents/waggle_repo/sensors/v4/integrated/firmware/build/sketch/firmware.ino.cpp.o
                0x00000000000801c6                ConfigBusDigital34(unsigned char*)
 .text._Z18EnableBusDigital34v
                0x00000000000801c8        0x2 /home/waggle-student/Documents/waggle_repo/sensors/v4/integrated/firmware/build/sketch/firmware.ino.cpp.o
                0x00000000000801c8                EnableBusDigital34()
 .text._Z19DisableBusDigital34v
                0x00000000000801ca        0x2 /home/waggle-student/Documents/waggle_repo/sensors/v4/integrated/firmware/build/sketch/firmware.ino.cpp.o
                0x00000000000801ca                DisableBusDigital34()
 .text._Z18ConfigBusDigital35Ph
                0x00000000000801cc        0x2 /home/waggle-student/Documents/waggle_repo/sensors/v4/integrated/firmware/build/sketch/firmware.ino.cpp.o
                0x00000000000801cc                ConfigBusDigital35(unsigned char*)
 .text._Z18EnableBusDigital35v
                0x00000000000801ce        0x2 /home/waggle-student/Documents/waggle_repo/sensors/v4/integrated/firmware/build/sketch/firmware.ino.cpp.o
                0x00000000000801ce                EnableBusDigital35()
 .text._Z19DisableBusDigital35v
                0x00000000000801d0        0x2 /home/waggle-student/Documents/waggle_repo/sensors/v4/integrated/firmware/build/sketch/firmware.ino.cpp.o
                0x00000000000801d0                DisableBusDigital35()
 .text._Z18ConfigBusDigital36Ph
                0x00000000000801d2        0x2 /home/waggle-student/Documents/waggle_repo/sensors/v4/integrated/firmware/build/sketch/firmware.ino.cpp.o
                0x00000000000801d2                ConfigBusDigital36(unsigned char*)
 .text._Z18EnableBusDigital36v
                0x00000000000801d4        0x2 /home/waggle-student/Documents/waggle_repo/sensors/v4/integrated/firmware/build/sketch/firmware.ino.cpp.o
                0x00000000000801d4                EnableBusDigital36()
 .text._Z19DisableBusDigital36v
                0x00000000000801d6        0x2 /home/waggle-student/Documents/waggle_repo/sensors/v4/integrated/firmware/build/sketch/firmware.ino.cpp.o
                0x00000000000801d6                DisableBusDigital36()
 .text._Z18ConfigBusDigital37Ph
                0x00000000000801d8        0x2 /home/waggle-student/Documents/waggle_repo/sensors/v4/integrated/firmware/build/sketch/firmware.ino.cpp.o
                0x00000000000801d8                ConfigBusDigital37(unsigned char*)
 .text._Z18EnableBusDigital37v
                0x00000000000801da        0x2 /home/waggle-student/Documents/waggle_repo/sensors/v4/integrated/firmware/build/sketch/firmware.ino.cpp.o
                0x00000000000801da                EnableBusDigital37()
 .text._Z19DisableBusDigital37v
                0x00000000000801dc        0x2 /home/waggle-student/Documents/waggle_repo/sensors/v4/integrated/firmware/build/sketch/firmware.ino.cpp.o
                0x00000000000801dc                DisableBusDigital37()
 .text._Z18ConfigBusDigital38Ph
                0x00000000000801de        0x2 /home/waggle-student/Documents/waggle_repo/sensors/v4/integrated/firmware/build/sketch/firmware.ino.cpp.o
                0x00000000000801de                ConfigBusDigital38(unsigned char*)
 .text._Z18EnableBusDigital38v
                0x00000000000801e0        0x2 /home/waggle-student/Documents/waggle_repo/sensors/v4/integrated/firmware/build/sketch/firmware.ino.cpp.o
                0x00000000000801e0                EnableBusDigital38()
 .text._Z19DisableBusDigital38v
                0x00000000000801e2        0x2 /home/waggle-student/Documents/waggle_repo/sensors/v4/integrated/firmware/build/sketch/firmware.ino.cpp.o
                0x00000000000801e2                DisableBusDigital38()
 .text._Z18ConfigBusDigital39Ph
                0x00000000000801e4        0x2 /home/waggle-student/Documents/waggle_repo/sensors/v4/integrated/firmware/build/sketch/firmware.ino.cpp.o
                0x00000000000801e4                ConfigBusDigital39(unsigned char*)
 .text._Z18EnableBusDigital39v
                0x00000000000801e6        0x2 /home/waggle-student/Documents/waggle_repo/sensors/v4/integrated/firmware/build/sketch/firmware.ino.cpp.o
                0x00000000000801e6                EnableBusDigital39()
 .text._Z19DisableBusDigital39v
                0x00000000000801e8        0x2 /home/waggle-student/Documents/waggle_repo/sensors/v4/integrated/firmware/build/sketch/firmware.ino.cpp.o
                0x00000000000801e8                DisableBusDigital39()
 .text._Z18ConfigBusDigital40Ph
                0x00000000000801ea        0x2 /home/waggle-student/Documents/waggle_repo/sensors/v4/integrated/firmware/build/sketch/firmware.ino.cpp.o
                0x00000000000801ea                ConfigBusDigital40(unsigned char*)
 .text._Z18EnableBusDigital40v
                0x00000000000801ec        0x2 /home/waggle-student/Documents/waggle_repo/sensors/v4/integrated/firmware/build/sketch/firmware.ino.cpp.o
                0x00000000000801ec                EnableBusDigital40()
 .text._Z19DisableBusDigital40v
                0x00000000000801ee        0x2 /home/waggle-student/Documents/waggle_repo/sensors/v4/integrated/firmware/build/sketch/firmware.ino.cpp.o
                0x00000000000801ee                DisableBusDigital40()
 .text._Z12InitBusI2C40Ph
                0x00000000000801f0        0x2 /home/waggle-student/Documents/waggle_repo/sensors/v4/integrated/firmware/build/sketch/firmware.ino.cpp.o
                0x00000000000801f0                InitBusI2C40(unsigned char*)
 .text._Z14ConfigBusI2C40Ph
                0x00000000000801f2        0x2 /home/waggle-student/Documents/waggle_repo/sensors/v4/integrated/firmware/build/sketch/firmware.ino.cpp.o
                0x00000000000801f2                ConfigBusI2C40(unsigned char*)
 .text._Z14EnableBusI2C40v
                0x00000000000801f4        0x2 /home/waggle-student/Documents/waggle_repo/sensors/v4/integrated/firmware/build/sketch/firmware.ino.cpp.o
                0x00000000000801f4                EnableBusI2C40()
 .text._Z15DisableBusI2C40v
                0x00000000000801f6        0x2 /home/waggle-student/Documents/waggle_repo/sensors/v4/integrated/firmware/build/sketch/firmware.ino.cpp.o
                0x00000000000801f6                DisableBusI2C40()
 .text._Z13WriteBusI2C40Ph
                0x00000000000801f8        0x2 /home/waggle-student/Documents/waggle_repo/sensors/v4/integrated/firmware/build/sketch/firmware.ino.cpp.o
                0x00000000000801f8                WriteBusI2C40(unsigned char*)
 .text._Z14ConfigBusI2C48Ph
                0x00000000000801fa        0x2 /home/waggle-student/Documents/waggle_repo/sensors/v4/integrated/firmware/build/sketch/firmware.ino.cpp.o
                0x00000000000801fa                ConfigBusI2C48(unsigned char*)
 .text._Z14EnableBusI2C48v
                0x00000000000801fc        0x2 /home/waggle-student/Documents/waggle_repo/sensors/v4/integrated/firmware/build/sketch/firmware.ino.cpp.o
                0x00000000000801fc                EnableBusI2C48()
 .text._Z15DisableBusI2C48v
                0x00000000000801fe        0x2 /home/waggle-student/Documents/waggle_repo/sensors/v4/integrated/firmware/build/sketch/firmware.ino.cpp.o
                0x00000000000801fe                DisableBusI2C48()
 .text._Z13WriteBusI2C48Ph
                0x0000000000080200        0x2 /home/waggle-student/Documents/waggle_repo/sensors/v4/integrated/firmware/build/sketch/firmware.ino.cpp.o
                0x0000000000080200                WriteBusI2C48(unsigned char*)
 .text._Z14ConfigBusPWM01Ph
                0x0000000000080202        0x2 /home/waggle-student/Documents/waggle_repo/sensors/v4/integrated/firmware/build/sketch/firmware.ino.cpp.o
                0x0000000000080202                ConfigBusPWM01(unsigned char*)
 .text._Z14EnableBusPWM01v
                0x0000000000080204        0x2 /home/waggle-student/Documents/waggle_repo/sensors/v4/integrated/firmware/build/sketch/firmware.ino.cpp.o
                0x0000000000080204                EnableBusPWM01()
 .text._Z15DisableBusPWM01v
                0x0000000000080206        0x2 /home/waggle-student/Documents/waggle_repo/sensors/v4/integrated/firmware/build/sketch/firmware.ino.cpp.o
                0x0000000000080206                DisableBusPWM01()
 .text._Z12ReadBusPWM01PhPi
                0x0000000000080208        0x2 /home/waggle-student/Documents/waggle_repo/sensors/v4/integrated/firmware/build/sketch/firmware.ino.cpp.o
                0x0000000000080208                ReadBusPWM01(unsigned char*, int*)
 .text._Z14ConfigBusPWM02Ph
                0x000000000008020a        0x2 /home/waggle-student/Documents/waggle_repo/sensors/v4/integrated/firmware/build/sketch/firmware.ino.cpp.o
                0x000000000008020a                ConfigBusPWM02(unsigned char*)
 .text._Z14EnableBusPWM02v
                0x000000000008020c        0x2 /home/waggle-student/Documents/waggle_repo/sensors/v4/integrated/firmware/build/sketch/firmware.ino.cpp.o
                0x000000000008020c                EnableBusPWM02()
 .text._Z15DisableBusPWM02v
                0x000000000008020e        0x2 /home/waggle-student/Documents/waggle_repo/sensors/v4/integrated/firmware/build/sketch/firmware.ino.cpp.o
                0x000000000008020e                DisableBusPWM02()
 .text._Z12ReadBusPWM02PhPi
                0x0000000000080210        0x2 /home/waggle-student/Documents/waggle_repo/sensors/v4/integrated/firmware/build/sketch/firmware.ino.cpp.o
                0x0000000000080210                ReadBusPWM02(unsigned char*, int*)
 .text._Z14ConfigBusPWM03Ph
                0x0000000000080212        0x2 /home/waggle-student/Documents/waggle_repo/sensors/v4/integrated/firmware/build/sketch/firmware.ino.cpp.o
                0x0000000000080212                ConfigBusPWM03(unsigned char*)
 .text._Z14EnableBusPWM03v
                0x0000000000080214        0x2 /home/waggle-student/Documents/waggle_repo/sensors/v4/integrated/firmware/build/sketch/firmware.ino.cpp.o
                0x0000000000080214                EnableBusPWM03()
 .text._Z15DisableBusPWM03v
                0x0000000000080216        0x2 /home/waggle-student/Documents/waggle_repo/sensors/v4/integrated/firmware/build/sketch/firmware.ino.cpp.o
                0x0000000000080216                DisableBusPWM03()
 .text._Z12ReadBusPWM03PhPi
                0x0000000000080218        0x2 /home/waggle-student/Documents/waggle_repo/sensors/v4/integrated/firmware/build/sketch/firmware.ino.cpp.o
                0x0000000000080218                ReadBusPWM03(unsigned char*, int*)
 .text._Z14ConfigBusPWM04Ph
                0x000000000008021a        0x2 /home/waggle-student/Documents/waggle_repo/sensors/v4/integrated/firmware/build/sketch/firmware.ino.cpp.o
                0x000000000008021a                ConfigBusPWM04(unsigned char*)
 .text._Z14EnableBusPWM04v
                0x000000000008021c        0x2 /home/waggle-student/Documents/waggle_repo/sensors/v4/integrated/firmware/build/sketch/firmware.ino.cpp.o
                0x000000000008021c                EnableBusPWM04()
 .text._Z15DisableBusPWM04v
                0x000000000008021e        0x2 /home/waggle-student/Documents/waggle_repo/sensors/v4/integrated/firmware/build/sketch/firmware.ino.cpp.o
                0x000000000008021e                DisableBusPWM04()
 .text._Z12ReadBusPWM04PhPi
                0x0000000000080220        0x2 /home/waggle-student/Documents/waggle_repo/sensors/v4/integrated/firmware/build/sketch/firmware.ino.cpp.o
                0x0000000000080220                ReadBusPWM04(unsigned char*, int*)
 .text._Z14ConfigBusPWM05Ph
                0x0000000000080222        0x2 /home/waggle-student/Documents/waggle_repo/sensors/v4/integrated/firmware/build/sketch/firmware.ino.cpp.o
                0x0000000000080222                ConfigBusPWM05(unsigned char*)
 .text._Z14EnableBusPWM05v
                0x0000000000080224        0x2 /home/waggle-student/Documents/waggle_repo/sensors/v4/integrated/firmware/build/sketch/firmware.ino.cpp.o
                0x0000000000080224                EnableBusPWM05()
 .text._Z15DisableBusPWM05v
                0x0000000000080226        0x2 /home/waggle-student/Documents/waggle_repo/sensors/v4/integrated/firmware/build/sketch/firmware.ino.cpp.o
                0x0000000000080226                DisableBusPWM05()
 .text._Z12ReadBusPWM05PhPi
                0x0000000000080228        0x2 /home/waggle-student/Documents/waggle_repo/sensors/v4/integrated/firmware/build/sketch/firmware.ino.cpp.o
                0x0000000000080228                ReadBusPWM05(unsigned char*, int*)
 .text._Z14ConfigBusPWM06Ph
                0x000000000008022a        0x2 /home/waggle-student/Documents/waggle_repo/sensors/v4/integrated/firmware/build/sketch/firmware.ino.cpp.o
                0x000000000008022a                ConfigBusPWM06(unsigned char*)
 .text._Z14EnableBusPWM06v
                0x000000000008022c        0x2 /home/waggle-student/Documents/waggle_repo/sensors/v4/integrated/firmware/build/sketch/firmware.ino.cpp.o
                0x000000000008022c                EnableBusPWM06()
 .text._Z15DisableBusPWM06v
                0x000000000008022e        0x2 /home/waggle-student/Documents/waggle_repo/sensors/v4/integrated/firmware/build/sketch/firmware.ino.cpp.o
                0x000000000008022e                DisableBusPWM06()
 .text._Z12ReadBusPWM06PhPi
                0x0000000000080230        0x2 /home/waggle-student/Documents/waggle_repo/sensors/v4/integrated/firmware/build/sketch/firmware.ino.cpp.o
                0x0000000000080230                ReadBusPWM06(unsigned char*, int*)
 .text._Z14ConfigBusPWM07Ph
                0x0000000000080232        0x2 /home/waggle-student/Documents/waggle_repo/sensors/v4/integrated/firmware/build/sketch/firmware.ino.cpp.o
                0x0000000000080232                ConfigBusPWM07(unsigned char*)
 .text._Z14EnableBusPWM07v
                0x0000000000080234        0x2 /home/waggle-student/Documents/waggle_repo/sensors/v4/integrated/firmware/build/sketch/firmware.ino.cpp.o
                0x0000000000080234                EnableBusPWM07()
 .text._Z15DisableBusPWM07v
                0x0000000000080236        0x2 /home/waggle-student/Documents/waggle_repo/sensors/v4/integrated/firmware/build/sketch/firmware.ino.cpp.o
                0x0000000000080236                DisableBusPWM07()
 .text._Z12ReadBusPWM07PhPi
                0x0000000000080238        0x2 /home/waggle-student/Documents/waggle_repo/sensors/v4/integrated/firmware/build/sketch/firmware.ino.cpp.o
                0x0000000000080238                ReadBusPWM07(unsigned char*, int*)
 .text._Z14ConfigBusPWM08Ph
                0x000000000008023a        0x2 /home/waggle-student/Documents/waggle_repo/sensors/v4/integrated/firmware/build/sketch/firmware.ino.cpp.o
                0x000000000008023a                ConfigBusPWM08(unsigned char*)
 .text._Z14EnableBusPWM08v
                0x000000000008023c        0x2 /home/waggle-student/Documents/waggle_repo/sensors/v4/integrated/firmware/build/sketch/firmware.ino.cpp.o
                0x000000000008023c                EnableBusPWM08()
 .text._Z15DisableBusPWM08v
                0x000000000008023e        0x2 /home/waggle-student/Documents/waggle_repo/sensors/v4/integrated/firmware/build/sketch/firmware.ino.cpp.o
                0x000000000008023e                DisableBusPWM08()
 .text._Z12ReadBusPWM08PhPi
                0x0000000000080240        0x2 /home/waggle-student/Documents/waggle_repo/sensors/v4/integrated/firmware/build/sketch/firmware.ino.cpp.o
                0x0000000000080240                ReadBusPWM08(unsigned char*, int*)
 .text._Z14ConfigBusPWM09Ph
                0x0000000000080242        0x2 /home/waggle-student/Documents/waggle_repo/sensors/v4/integrated/firmware/build/sketch/firmware.ino.cpp.o
                0x0000000000080242                ConfigBusPWM09(unsigned char*)
 .text._Z14EnableBusPWM09v
                0x0000000000080244        0x2 /home/waggle-student/Documents/waggle_repo/sensors/v4/integrated/firmware/build/sketch/firmware.ino.cpp.o
                0x0000000000080244                EnableBusPWM09()
 .text._Z15DisableBusPWM09v
                0x0000000000080246        0x2 /home/waggle-student/Documents/waggle_repo/sensors/v4/integrated/firmware/build/sketch/firmware.ino.cpp.o
                0x0000000000080246                DisableBusPWM09()
 .text._Z12ReadBusPWM09PhPi
                0x0000000000080248        0x2 /home/waggle-student/Documents/waggle_repo/sensors/v4/integrated/firmware/build/sketch/firmware.ino.cpp.o
                0x0000000000080248                ReadBusPWM09(unsigned char*, int*)
 .text._Z14ConfigBusPWM10Ph
                0x000000000008024a        0x2 /home/waggle-student/Documents/waggle_repo/sensors/v4/integrated/firmware/build/sketch/firmware.ino.cpp.o
                0x000000000008024a                ConfigBusPWM10(unsigned char*)
 .text._Z14EnableBusPWM10v
                0x000000000008024c        0x2 /home/waggle-student/Documents/waggle_repo/sensors/v4/integrated/firmware/build/sketch/firmware.ino.cpp.o
                0x000000000008024c                EnableBusPWM10()
 .text._Z15DisableBusPWM10v
                0x000000000008024e        0x2 /home/waggle-student/Documents/waggle_repo/sensors/v4/integrated/firmware/build/sketch/firmware.ino.cpp.o
                0x000000000008024e                DisableBusPWM10()
 .text._Z12ReadBusPWM10PhPi
                0x0000000000080250        0x2 /home/waggle-student/Documents/waggle_repo/sensors/v4/integrated/firmware/build/sketch/firmware.ino.cpp.o
                0x0000000000080250                ReadBusPWM10(unsigned char*, int*)
 .text._Z14ConfigBusPWM11Ph
                0x0000000000080252        0x2 /home/waggle-student/Documents/waggle_repo/sensors/v4/integrated/firmware/build/sketch/firmware.ino.cpp.o
                0x0000000000080252                ConfigBusPWM11(unsigned char*)
 .text._Z14EnableBusPWM11v
                0x0000000000080254        0x2 /home/waggle-student/Documents/waggle_repo/sensors/v4/integrated/firmware/build/sketch/firmware.ino.cpp.o
                0x0000000000080254                EnableBusPWM11()
 .text._Z15DisableBusPWM11v
                0x0000000000080256        0x2 /home/waggle-student/Documents/waggle_repo/sensors/v4/integrated/firmware/build/sketch/firmware.ino.cpp.o
                0x0000000000080256                DisableBusPWM11()
 .text._Z12ReadBusPWM11PhPi
                0x0000000000080258        0x2 /home/waggle-student/Documents/waggle_repo/sensors/v4/integrated/firmware/build/sketch/firmware.ino.cpp.o
                0x0000000000080258                ReadBusPWM11(unsigned char*, int*)
 .text._Z14ConfigBusPWM12Ph
                0x000000000008025a        0x2 /home/waggle-student/Documents/waggle_repo/sensors/v4/integrated/firmware/build/sketch/firmware.ino.cpp.o
                0x000000000008025a                ConfigBusPWM12(unsigned char*)
 .text._Z14EnableBusPWM12v
                0x000000000008025c        0x2 /home/waggle-student/Documents/waggle_repo/sensors/v4/integrated/firmware/build/sketch/firmware.ino.cpp.o
                0x000000000008025c                EnableBusPWM12()
 .text._Z15DisableBusPWM12v
                0x000000000008025e        0x2 /home/waggle-student/Documents/waggle_repo/sensors/v4/integrated/firmware/build/sketch/firmware.ino.cpp.o
                0x000000000008025e                DisableBusPWM12()
 .text._Z12ReadBusPWM12PhPi
                0x0000000000080260        0x2 /home/waggle-student/Documents/waggle_repo/sensors/v4/integrated/firmware/build/sketch/firmware.ino.cpp.o
                0x0000000000080260                ReadBusPWM12(unsigned char*, int*)
 .text._Z14ConfigBusSPI33Ph
                0x0000000000080262        0x2 /home/waggle-student/Documents/waggle_repo/sensors/v4/integrated/firmware/build/sketch/firmware.ino.cpp.o
                0x0000000000080262                ConfigBusSPI33(unsigned char*)
 .text._Z14EnableBusSPI33v
                0x0000000000080264        0x2 /home/waggle-student/Documents/waggle_repo/sensors/v4/integrated/firmware/build/sketch/firmware.ino.cpp.o
                0x0000000000080264                EnableBusSPI33()
 .text._Z15DisableBusSPI33v
                0x0000000000080266        0x2 /home/waggle-student/Documents/waggle_repo/sensors/v4/integrated/firmware/build/sketch/firmware.ino.cpp.o
                0x0000000000080266                DisableBusSPI33()
 .text._Z13WriteBusSPI33Ph
                0x0000000000080268        0x2 /home/waggle-student/Documents/waggle_repo/sensors/v4/integrated/firmware/build/sketch/firmware.ino.cpp.o
                0x0000000000080268                WriteBusSPI33(unsigned char*)
 .text._Z14ConfigBusSPI34Ph
                0x000000000008026a        0x2 /home/waggle-student/Documents/waggle_repo/sensors/v4/integrated/firmware/build/sketch/firmware.ino.cpp.o
                0x000000000008026a                ConfigBusSPI34(unsigned char*)
 .text._Z14EnableBusSPI34v
                0x000000000008026c        0x2 /home/waggle-student/Documents/waggle_repo/sensors/v4/integrated/firmware/build/sketch/firmware.ino.cpp.o
                0x000000000008026c                EnableBusSPI34()
 .text._Z15DisableBusSPI34v
                0x000000000008026e        0x2 /home/waggle-student/Documents/waggle_repo/sensors/v4/integrated/firmware/build/sketch/firmware.ino.cpp.o
                0x000000000008026e                DisableBusSPI34()
 .text._Z13WriteBusSPI34Ph
                0x0000000000080270        0x2 /home/waggle-student/Documents/waggle_repo/sensors/v4/integrated/firmware/build/sketch/firmware.ino.cpp.o
                0x0000000000080270                WriteBusSPI34(unsigned char*)
 .text._Z14ConfigBusSPI35Ph
                0x0000000000080272        0x2 /home/waggle-student/Documents/waggle_repo/sensors/v4/integrated/firmware/build/sketch/firmware.ino.cpp.o
                0x0000000000080272                ConfigBusSPI35(unsigned char*)
 .text._Z14EnableBusSPI35v
                0x0000000000080274        0x2 /home/waggle-student/Documents/waggle_repo/sensors/v4/integrated/firmware/build/sketch/firmware.ino.cpp.o
                0x0000000000080274                EnableBusSPI35()
 .text._Z15DisableBusSPI35v
                0x0000000000080276        0x2 /home/waggle-student/Documents/waggle_repo/sensors/v4/integrated/firmware/build/sketch/firmware.ino.cpp.o
                0x0000000000080276                DisableBusSPI35()
 .text._Z13WriteBusSPI35Ph
                0x0000000000080278        0x2 /home/waggle-student/Documents/waggle_repo/sensors/v4/integrated/firmware/build/sketch/firmware.ino.cpp.o
                0x0000000000080278                WriteBusSPI35(unsigned char*)
 .text._Z14ConfigBusSPI36Ph
                0x000000000008027a        0x2 /home/waggle-student/Documents/waggle_repo/sensors/v4/integrated/firmware/build/sketch/firmware.ino.cpp.o
                0x000000000008027a                ConfigBusSPI36(unsigned char*)
 .text._Z14EnableBusSPI36v
                0x000000000008027c        0x2 /home/waggle-student/Documents/waggle_repo/sensors/v4/integrated/firmware/build/sketch/firmware.ino.cpp.o
                0x000000000008027c                EnableBusSPI36()
 .text._Z15DisableBusSPI36v
                0x000000000008027e        0x2 /home/waggle-student/Documents/waggle_repo/sensors/v4/integrated/firmware/build/sketch/firmware.ino.cpp.o
                0x000000000008027e                DisableBusSPI36()
 .text._Z13WriteBusSPI36Ph
                0x0000000000080280        0x2 /home/waggle-student/Documents/waggle_repo/sensors/v4/integrated/firmware/build/sketch/firmware.ino.cpp.o
                0x0000000000080280                WriteBusSPI36(unsigned char*)
 .text._Z14ConfigBusSPI37Ph
                0x0000000000080282        0x2 /home/waggle-student/Documents/waggle_repo/sensors/v4/integrated/firmware/build/sketch/firmware.ino.cpp.o
                0x0000000000080282                ConfigBusSPI37(unsigned char*)
 .text._Z14EnableBusSPI37v
                0x0000000000080284        0x2 /home/waggle-student/Documents/waggle_repo/sensors/v4/integrated/firmware/build/sketch/firmware.ino.cpp.o
                0x0000000000080284                EnableBusSPI37()
 .text._Z15DisableBusSPI37v
                0x0000000000080286        0x2 /home/waggle-student/Documents/waggle_repo/sensors/v4/integrated/firmware/build/sketch/firmware.ino.cpp.o
                0x0000000000080286                DisableBusSPI37()
 .text._Z13WriteBusSPI37Ph
                0x0000000000080288        0x2 /home/waggle-student/Documents/waggle_repo/sensors/v4/integrated/firmware/build/sketch/firmware.ino.cpp.o
                0x0000000000080288                WriteBusSPI37(unsigned char*)
 .text._Z14ConfigBusSPI38Ph
                0x000000000008028a        0x2 /home/waggle-student/Documents/waggle_repo/sensors/v4/integrated/firmware/build/sketch/firmware.ino.cpp.o
                0x000000000008028a                ConfigBusSPI38(unsigned char*)
 .text._Z14EnableBusSPI38v
                0x000000000008028c        0x2 /home/waggle-student/Documents/waggle_repo/sensors/v4/integrated/firmware/build/sketch/firmware.ino.cpp.o
                0x000000000008028c                EnableBusSPI38()
 .text._Z15DisableBusSPI38v
                0x000000000008028e        0x2 /home/waggle-student/Documents/waggle_repo/sensors/v4/integrated/firmware/build/sketch/firmware.ino.cpp.o
                0x000000000008028e                DisableBusSPI38()
 .text._Z13WriteBusSPI38Ph
                0x0000000000080290        0x2 /home/waggle-student/Documents/waggle_repo/sensors/v4/integrated/firmware/build/sketch/firmware.ino.cpp.o
                0x0000000000080290                WriteBusSPI38(unsigned char*)
 .text._Z14ConfigBusSPI39Ph
                0x0000000000080292        0x2 /home/waggle-student/Documents/waggle_repo/sensors/v4/integrated/firmware/build/sketch/firmware.ino.cpp.o
                0x0000000000080292                ConfigBusSPI39(unsigned char*)
 .text._Z14EnableBusSPI39v
                0x0000000000080294        0x2 /home/waggle-student/Documents/waggle_repo/sensors/v4/integrated/firmware/build/sketch/firmware.ino.cpp.o
                0x0000000000080294                EnableBusSPI39()
 .text._Z15DisableBusSPI39v
                0x0000000000080296        0x2 /home/waggle-student/Documents/waggle_repo/sensors/v4/integrated/firmware/build/sketch/firmware.ino.cpp.o
                0x0000000000080296                DisableBusSPI39()
 .text._Z13WriteBusSPI39Ph
                0x0000000000080298        0x2 /home/waggle-student/Documents/waggle_repo/sensors/v4/integrated/firmware/build/sketch/firmware.ino.cpp.o
                0x0000000000080298                WriteBusSPI39(unsigned char*)
 .text._Z14ConfigBusSPI40Ph
                0x000000000008029a        0x2 /home/waggle-student/Documents/waggle_repo/sensors/v4/integrated/firmware/build/sketch/firmware.ino.cpp.o
                0x000000000008029a                ConfigBusSPI40(unsigned char*)
 .text._Z14EnableBusSPI40v
                0x000000000008029c        0x2 /home/waggle-student/Documents/waggle_repo/sensors/v4/integrated/firmware/build/sketch/firmware.ino.cpp.o
                0x000000000008029c                EnableBusSPI40()
 .text._Z15DisableBusSPI40v
                0x000000000008029e        0x2 /home/waggle-student/Documents/waggle_repo/sensors/v4/integrated/firmware/build/sketch/firmware.ino.cpp.o
                0x000000000008029e                DisableBusSPI40()
 .text._Z13WriteBusSPI40Ph
                0x00000000000802a0        0x2 /home/waggle-student/Documents/waggle_repo/sensors/v4/integrated/firmware/build/sketch/firmware.ino.cpp.o
                0x00000000000802a0                WriteBusSPI40(unsigned char*)
 .text._Z17ConfigBusSerial02Ph
                0x00000000000802a2        0x2 /home/waggle-student/Documents/waggle_repo/sensors/v4/integrated/firmware/build/sketch/firmware.ino.cpp.o
                0x00000000000802a2                ConfigBusSerial02(unsigned char*)
 .text._Z17EnableBusSerial02v
                0x00000000000802a4        0x2 /home/waggle-student/Documents/waggle_repo/sensors/v4/integrated/firmware/build/sketch/firmware.ino.cpp.o
                0x00000000000802a4                EnableBusSerial02()
 .text._Z18DisableBusSerial02v
                0x00000000000802a6        0x2 /home/waggle-student/Documents/waggle_repo/sensors/v4/integrated/firmware/build/sketch/firmware.ino.cpp.o
                0x00000000000802a6                DisableBusSerial02()
 .text._Z16WriteBusSerial02Ph
                0x00000000000802a8        0x2 /home/waggle-student/Documents/waggle_repo/sensors/v4/integrated/firmware/build/sketch/firmware.ino.cpp.o
                0x00000000000802a8                WriteBusSerial02(unsigned char*)
 .text._Z17ConfigBusSerial03Ph
                0x00000000000802aa        0x2 /home/waggle-student/Documents/waggle_repo/sensors/v4/integrated/firmware/build/sketch/firmware.ino.cpp.o
                0x00000000000802aa                ConfigBusSerial03(unsigned char*)
 .text._Z17EnableBusSerial03v
                0x00000000000802ac        0x2 /home/waggle-student/Documents/waggle_repo/sensors/v4/integrated/firmware/build/sketch/firmware.ino.cpp.o
                0x00000000000802ac                EnableBusSerial03()
 .text._Z18DisableBusSerial03v
                0x00000000000802ae        0x2 /home/waggle-student/Documents/waggle_repo/sensors/v4/integrated/firmware/build/sketch/firmware.ino.cpp.o
                0x00000000000802ae                DisableBusSerial03()
 .text._Z16WriteBusSerial03Ph
                0x00000000000802b0        0x2 /home/waggle-student/Documents/waggle_repo/sensors/v4/integrated/firmware/build/sketch/firmware.ino.cpp.o
                0x00000000000802b0                WriteBusSerial03(unsigned char*)
 .text._Z12InitSensor00v
                0x00000000000802b2        0x2 /home/waggle-student/Documents/waggle_repo/sensors/v4/integrated/firmware/build/sketch/firmware.ino.cpp.o
                0x00000000000802b2                InitSensor00()
 .text._Z14ConfigSensor00v
                0x00000000000802b4        0x2 /home/waggle-student/Documents/waggle_repo/sensors/v4/integrated/firmware/build/sketch/firmware.ino.cpp.o
                0x00000000000802b4                ConfigSensor00()
 .text._Z13WriteSensor00Ph
                0x00000000000802b6        0x2 /home/waggle-student/Documents/waggle_repo/sensors/v4/integrated/firmware/build/sketch/firmware.ino.cpp.o
                0x00000000000802b6                WriteSensor00(unsigned char*)
 .text._Z14ConfigSensor01v
                0x00000000000802b8        0x2 /home/waggle-student/Documents/waggle_repo/sensors/v4/integrated/firmware/build/sketch/firmware.ino.cpp.o
                0x00000000000802b8                ConfigSensor01()
 .text._Z13WriteSensor01Ph
                0x00000000000802ba        0x2 /home/waggle-student/Documents/waggle_repo/sensors/v4/integrated/firmware/build/sketch/firmware.ino.cpp.o
                0x00000000000802ba                WriteSensor01(unsigned char*)
 .text._Z12InitSensor02v
                0x00000000000802bc        0x2 /home/waggle-student/Documents/waggle_repo/sensors/v4/integrated/firmware/build/sketch/firmware.ino.cpp.o
                0x00000000000802bc                InitSensor02()
 .text._Z14ConfigSensor02v
                0x00000000000802be        0x2 /home/waggle-student/Documents/waggle_repo/sensors/v4/integrated/firmware/build/sketch/firmware.ino.cpp.o
                0x00000000000802be                ConfigSensor02()
 .text._Z13WriteSensor02Ph
                0x00000000000802c0        0x2 /home/waggle-student/Documents/waggle_repo/sensors/v4/integrated/firmware/build/sketch/firmware.ino.cpp.o
                0x00000000000802c0                WriteSensor02(unsigned char*)
 .text._Z12InitSensor03v
                0x00000000000802c2        0x2 /home/waggle-student/Documents/waggle_repo/sensors/v4/integrated/firmware/build/sketch/firmware.ino.cpp.o
                0x00000000000802c2                InitSensor03()
 .text._Z14ConfigSensor03v
                0x00000000000802c4        0x2 /home/waggle-student/Documents/waggle_repo/sensors/v4/integrated/firmware/build/sketch/firmware.ino.cpp.o
                0x00000000000802c4                ConfigSensor03()
 .text._Z13WriteSensor03Ph
                0x00000000000802c6        0x2 /home/waggle-student/Documents/waggle_repo/sensors/v4/integrated/firmware/build/sketch/firmware.ino.cpp.o
                0x00000000000802c6                WriteSensor03(unsigned char*)
 .text._Z14ConfigSensor04v
                0x00000000000802c8        0x2 /home/waggle-student/Documents/waggle_repo/sensors/v4/integrated/firmware/build/sketch/firmware.ino.cpp.o
                0x00000000000802c8                ConfigSensor04()
 .text._Z13WriteSensor04Ph
                0x00000000000802ca        0x2 /home/waggle-student/Documents/waggle_repo/sensors/v4/integrated/firmware/build/sketch/firmware.ino.cpp.o
                0x00000000000802ca                WriteSensor04(unsigned char*)
 .text._Z12InitSensor05v
                0x00000000000802cc        0x2 /home/waggle-student/Documents/waggle_repo/sensors/v4/integrated/firmware/build/sketch/firmware.ino.cpp.o
                0x00000000000802cc                InitSensor05()
 .text._Z14ConfigSensor05v
                0x00000000000802ce        0x2 /home/waggle-student/Documents/waggle_repo/sensors/v4/integrated/firmware/build/sketch/firmware.ino.cpp.o
                0x00000000000802ce                ConfigSensor05()
 .text._Z13WriteSensor05Ph
                0x00000000000802d0        0x2 /home/waggle-student/Documents/waggle_repo/sensors/v4/integrated/firmware/build/sketch/firmware.ino.cpp.o
                0x00000000000802d0                WriteSensor05(unsigned char*)
 .text._Z12InitSensor06v
                0x00000000000802d2        0x2 /home/waggle-student/Documents/waggle_repo/sensors/v4/integrated/firmware/build/sketch/firmware.ino.cpp.o
                0x00000000000802d2                InitSensor06()
 .text._Z14ConfigSensor06v
                0x00000000000802d4        0x2 /home/waggle-student/Documents/waggle_repo/sensors/v4/integrated/firmware/build/sketch/firmware.ino.cpp.o
                0x00000000000802d4                ConfigSensor06()
 .text._Z13WriteSensor06Ph
                0x00000000000802d6        0x2 /home/waggle-student/Documents/waggle_repo/sensors/v4/integrated/firmware/build/sketch/firmware.ino.cpp.o
                0x00000000000802d6                WriteSensor06(unsigned char*)
 .text._Z14ConfigSensor07v
                0x00000000000802d8        0x2 /home/waggle-student/Documents/waggle_repo/sensors/v4/integrated/firmware/build/sketch/firmware.ino.cpp.o
                0x00000000000802d8                ConfigSensor07()
 .text._Z13WriteSensor07Ph
                0x00000000000802da        0x2 /home/waggle-student/Documents/waggle_repo/sensors/v4/integrated/firmware/build/sketch/firmware.ino.cpp.o
                0x00000000000802da                WriteSensor07(unsigned char*)
 .text._Z14ConfigSensor08v
                0x00000000000802dc        0x2 /home/waggle-student/Documents/waggle_repo/sensors/v4/integrated/firmware/build/sketch/firmware.ino.cpp.o
                0x00000000000802dc                ConfigSensor08()
 .text._Z13WriteSensor08Ph
                0x00000000000802de        0x2 /home/waggle-student/Documents/waggle_repo/sensors/v4/integrated/firmware/build/sketch/firmware.ino.cpp.o
                0x00000000000802de                WriteSensor08(unsigned char*)
 .text._Z14ConfigSensor09v
                0x00000000000802e0        0x2 /home/waggle-student/Documents/waggle_repo/sensors/v4/integrated/firmware/build/sketch/firmware.ino.cpp.o
                0x00000000000802e0                ConfigSensor09()
 .text._Z13WriteSensor09Ph
                0x00000000000802e2        0x2 /home/waggle-student/Documents/waggle_repo/sensors/v4/integrated/firmware/build/sketch/firmware.ino.cpp.o
                0x00000000000802e2                WriteSensor09(unsigned char*)
 .text._Z14ConfigSensor0Av
                0x00000000000802e4        0x2 /home/waggle-student/Documents/waggle_repo/sensors/v4/integrated/firmware/build/sketch/firmware.ino.cpp.o
                0x00000000000802e4                ConfigSensor0A()
 .text._Z13WriteSensor0APh
                0x00000000000802e6        0x2 /home/waggle-student/Documents/waggle_repo/sensors/v4/integrated/firmware/build/sketch/firmware.ino.cpp.o
                0x00000000000802e6                WriteSensor0A(unsigned char*)
 .text._Z12InitSensor0Bv
                0x00000000000802e8        0x2 /home/waggle-student/Documents/waggle_repo/sensors/v4/integrated/firmware/build/sketch/firmware.ino.cpp.o
                0x00000000000802e8                InitSensor0B()
 .text._Z14ConfigSensor0Bv
                0x00000000000802ea        0x2 /home/waggle-student/Documents/waggle_repo/sensors/v4/integrated/firmware/build/sketch/firmware.ino.cpp.o
                0x00000000000802ea                ConfigSensor0B()
 .text._Z13WriteSensor0BPh
                0x00000000000802ec        0x2 /home/waggle-student/Documents/waggle_repo/sensors/v4/integrated/firmware/build/sketch/firmware.ino.cpp.o
                0x00000000000802ec                WriteSensor0B(unsigned char*)
 .text._Z14ConfigSensor0Cv
                0x00000000000802ee        0x2 /home/waggle-student/Documents/waggle_repo/sensors/v4/integrated/firmware/build/sketch/firmware.ino.cpp.o
                0x00000000000802ee                ConfigSensor0C()
 .text._Z13WriteSensor0CPh
                0x00000000000802f0        0x2 /home/waggle-student/Documents/waggle_repo/sensors/v4/integrated/firmware/build/sketch/firmware.ino.cpp.o
                0x00000000000802f0                WriteSensor0C(unsigned char*)
 .text._Z14ConfigSensor0Dv
                0x00000000000802f2        0x2 /home/waggle-student/Documents/waggle_repo/sensors/v4/integrated/firmware/build/sketch/firmware.ino.cpp.o
                0x00000000000802f2                ConfigSensor0D()
 .text._Z13WriteSensor0DPh
                0x00000000000802f4        0x2 /home/waggle-student/Documents/waggle_repo/sensors/v4/integrated/firmware/build/sketch/firmware.ino.cpp.o
                0x00000000000802f4                WriteSensor0D(unsigned char*)
 .text._Z14ConfigSensor0Ev
                0x00000000000802f6        0x2 /home/waggle-student/Documents/waggle_repo/sensors/v4/integrated/firmware/build/sketch/firmware.ino.cpp.o
                0x00000000000802f6                ConfigSensor0E()
 .text._Z13WriteSensor0EPh
                0x00000000000802f8        0x2 /home/waggle-student/Documents/waggle_repo/sensors/v4/integrated/firmware/build/sketch/firmware.ino.cpp.o
                0x00000000000802f8                WriteSensor0E(unsigned char*)
 .text._Z14ConfigSensor0Fv
                0x00000000000802fa        0x2 /home/waggle-student/Documents/waggle_repo/sensors/v4/integrated/firmware/build/sketch/firmware.ino.cpp.o
                0x00000000000802fa                ConfigSensor0F()
 .text._Z13WriteSensor0FPh
                0x00000000000802fc        0x2 /home/waggle-student/Documents/waggle_repo/sensors/v4/integrated/firmware/build/sketch/firmware.ino.cpp.o
                0x00000000000802fc                WriteSensor0F(unsigned char*)
 .text._Z14ConfigSensor10v
                0x00000000000802fe        0x2 /home/waggle-student/Documents/waggle_repo/sensors/v4/integrated/firmware/build/sketch/firmware.ino.cpp.o
                0x00000000000802fe                ConfigSensor10()
 .text._Z13WriteSensor10Ph
                0x0000000000080300        0x2 /home/waggle-student/Documents/waggle_repo/sensors/v4/integrated/firmware/build/sketch/firmware.ino.cpp.o
                0x0000000000080300                WriteSensor10(unsigned char*)
 .text._Z12InitSensor13v
                0x0000000000080302        0x2 /home/waggle-student/Documents/waggle_repo/sensors/v4/integrated/firmware/build/sketch/firmware.ino.cpp.o
                0x0000000000080302                InitSensor13()
 .text._Z14ConfigSensor13v
                0x0000000000080304        0x2 /home/waggle-student/Documents/waggle_repo/sensors/v4/integrated/firmware/build/sketch/firmware.ino.cpp.o
                0x0000000000080304                ConfigSensor13()
 .text._Z13WriteSensor13Ph
                0x0000000000080306        0x2 /home/waggle-student/Documents/waggle_repo/sensors/v4/integrated/firmware/build/sketch/firmware.ino.cpp.o
                0x0000000000080306                WriteSensor13(unsigned char*)
 .text._Z14ConfigSensor28v
                0x0000000000080308        0x2 /home/waggle-student/Documents/waggle_repo/sensors/v4/integrated/firmware/build/sketch/firmware.ino.cpp.o
                0x0000000000080308                ConfigSensor28()
 .text._Z13WriteSensor28Ph
                0x000000000008030a        0x2 /home/waggle-student/Documents/waggle_repo/sensors/v4/integrated/firmware/build/sketch/firmware.ino.cpp.o
                0x000000000008030a                WriteSensor28(unsigned char*)
 .text._Z12InitSensor29v
                0x000000000008030c        0x2 /home/waggle-student/Documents/waggle_repo/sensors/v4/integrated/firmware/build/sketch/firmware.ino.cpp.o
                0x000000000008030c                InitSensor29()
 .text._Z14ConfigSensor29v
                0x000000000008030e        0x2 /home/waggle-student/Documents/waggle_repo/sensors/v4/integrated/firmware/build/sketch/firmware.ino.cpp.o
                0x000000000008030e                ConfigSensor29()
 .text._Z14EnableSensor29v
                0x0000000000080310        0x2 /home/waggle-student/Documents/waggle_repo/sensors/v4/integrated/firmware/build/sketch/firmware.ino.cpp.o
                0x0000000000080310                EnableSensor29()
 .text._Z15DisableSensor29v
                0x0000000000080312        0x2 /home/waggle-student/Documents/waggle_repo/sensors/v4/integrated/firmware/build/sketch/firmware.ino.cpp.o
                0x0000000000080312                DisableSensor29()
 .text._Z13WriteSensor29Ph
                0x0000000000080314        0x2 /home/waggle-student/Documents/waggle_repo/sensors/v4/integrated/firmware/build/sketch/firmware.ino.cpp.o
                0x0000000000080314                WriteSensor29(unsigned char*)
 .text._Z14ConfigSensor2Av
                0x0000000000080316        0x2 /home/waggle-student/Documents/waggle_repo/sensors/v4/integrated/firmware/build/sketch/firmware.ino.cpp.o
                0x0000000000080316                ConfigSensor2A()
 .text._Z13WriteSensor2APh
                0x0000000000080318        0x2 /home/waggle-student/Documents/waggle_repo/sensors/v4/integrated/firmware/build/sketch/firmware.ino.cpp.o
                0x0000000000080318                WriteSensor2A(unsigned char*)
 .text._Z12InitSensor2Bv
                0x000000000008031a        0x2 /home/waggle-student/Documents/waggle_repo/sensors/v4/integrated/firmware/build/sketch/firmware.ino.cpp.o
                0x000000000008031a                InitSensor2B()
 .text._Z14ConfigSensor2Bv
                0x000000000008031c        0x2 /home/waggle-student/Documents/waggle_repo/sensors/v4/integrated/firmware/build/sketch/firmware.ino.cpp.o
                0x000000000008031c                ConfigSensor2B()
 .text._Z14EnableSensor2Bv
                0x000000000008031e        0x2 /home/waggle-student/Documents/waggle_repo/sensors/v4/integrated/firmware/build/sketch/firmware.ino.cpp.o
                0x000000000008031e                EnableSensor2B()
 .text._Z15DisableSensor2Bv
                0x0000000000080320        0x2 /home/waggle-student/Documents/waggle_repo/sensors/v4/integrated/firmware/build/sketch/firmware.ino.cpp.o
                0x0000000000080320                DisableSensor2B()
 .text._Z13WriteSensor2BPh
                0x0000000000080322        0x2 /home/waggle-student/Documents/waggle_repo/sensors/v4/integrated/firmware/build/sketch/firmware.ino.cpp.o
                0x0000000000080322                WriteSensor2B(unsigned char*)
 .text._Z14ConfigSensor2Cv
                0x0000000000080324        0x2 /home/waggle-student/Documents/waggle_repo/sensors/v4/integrated/firmware/build/sketch/firmware.ino.cpp.o
                0x0000000000080324                ConfigSensor2C()
 .text._Z13WriteSensor2CPh
                0x0000000000080326        0x2 /home/waggle-student/Documents/waggle_repo/sensors/v4/integrated/firmware/build/sketch/firmware.ino.cpp.o
                0x0000000000080326                WriteSensor2C(unsigned char*)
 .text._Z14ConfigSensor2Dv
                0x0000000000080328        0x2 /home/waggle-student/Documents/waggle_repo/sensors/v4/integrated/firmware/build/sketch/firmware.ino.cpp.o
                0x0000000000080328                ConfigSensor2D()
 .text._Z13WriteSensor2DPh
                0x000000000008032a        0x2 /home/waggle-student/Documents/waggle_repo/sensors/v4/integrated/firmware/build/sketch/firmware.ino.cpp.o
                0x000000000008032a                WriteSensor2D(unsigned char*)
 .text._Z12InitSensor30v
                0x000000000008032c        0x2 /home/waggle-student/Documents/waggle_repo/sensors/v4/integrated/firmware/build/sketch/firmware.ino.cpp.o
                0x000000000008032c                InitSensor30()
 .text._Z14ConfigSensor30v
                0x000000000008032e        0x2 /home/waggle-student/Documents/waggle_repo/sensors/v4/integrated/firmware/build/sketch/firmware.ino.cpp.o
                0x000000000008032e                ConfigSensor30()
 .text._Z14EnableSensor30v
                0x0000000000080330        0x2 /home/waggle-student/Documents/waggle_repo/sensors/v4/integrated/firmware/build/sketch/firmware.ino.cpp.o
                0x0000000000080330                EnableSensor30()
 .text._Z15DisableSensor30v
                0x0000000000080332        0x2 /home/waggle-student/Documents/waggle_repo/sensors/v4/integrated/firmware/build/sketch/firmware.ino.cpp.o
                0x0000000000080332                DisableSensor30()
 .text._Z13WriteSensor30Ph
                0x0000000000080334        0x2 /home/waggle-student/Documents/waggle_repo/sensors/v4/integrated/firmware/build/sketch/firmware.ino.cpp.o
                0x0000000000080334                WriteSensor30(unsigned char*)
 .text._Z12InitSensor31v
                0x0000000000080336        0x2 /home/waggle-student/Documents/waggle_repo/sensors/v4/integrated/firmware/build/sketch/firmware.ino.cpp.o
                0x0000000000080336                InitSensor31()
 .text._Z14ConfigSensor31v
                0x0000000000080338        0x2 /home/waggle-student/Documents/waggle_repo/sensors/v4/integrated/firmware/build/sketch/firmware.ino.cpp.o
                0x0000000000080338                ConfigSensor31()
 .text._Z14EnableSensor31v
                0x000000000008033a        0x2 /home/waggle-student/Documents/waggle_repo/sensors/v4/integrated/firmware/build/sketch/firmware.ino.cpp.o
                0x000000000008033a                EnableSensor31()
 .text._Z15DisableSensor31v
                0x000000000008033c        0x2 /home/waggle-student/Documents/waggle_repo/sensors/v4/integrated/firmware/build/sketch/firmware.ino.cpp.o
                0x000000000008033c                DisableSensor31()
 .text._Z13WriteSensor31Ph
                0x000000000008033e        0x2 /home/waggle-student/Documents/waggle_repo/sensors/v4/integrated/firmware/build/sketch/firmware.ino.cpp.o
                0x000000000008033e                WriteSensor31(unsigned char*)
 .text._Z12InitSensor32v
                0x0000000000080340        0x2 /home/waggle-student/Documents/waggle_repo/sensors/v4/integrated/firmware/build/sketch/firmware.ino.cpp.o
                0x0000000000080340                InitSensor32()
 .text._Z14ConfigSensor32v
                0x0000000000080342        0x2 /home/waggle-student/Documents/waggle_repo/sensors/v4/integrated/firmware/build/sketch/firmware.ino.cpp.o
                0x0000000000080342                ConfigSensor32()
 .text._Z13WriteSensor32Ph
                0x0000000000080344        0x2 /home/waggle-student/Documents/waggle_repo/sensors/v4/integrated/firmware/build/sketch/firmware.ino.cpp.o
                0x0000000000080344                WriteSensor32(unsigned char*)
 .text._Z14ConfigSensor36v
                0x0000000000080346        0x2 /home/waggle-student/Documents/waggle_repo/sensors/v4/integrated/firmware/build/sketch/firmware.ino.cpp.o
                0x0000000000080346                ConfigSensor36()
 .text._Z13WriteSensor36Ph
                0x0000000000080348        0x2 /home/waggle-student/Documents/waggle_repo/sensors/v4/integrated/firmware/build/sketch/firmware.ino.cpp.o
                0x0000000000080348                WriteSensor36(unsigned char*)
 .text._Z12InitSensorFFv
                0x000000000008034a        0x2 /home/waggle-student/Documents/waggle_repo/sensors/v4/integrated/firmware/build/sketch/firmware.ino.cpp.o
                0x000000000008034a                InitSensorFF()
 .text._Z14ConfigSensorFFv
                0x000000000008034c        0x2 /home/waggle-student/Documents/waggle_repo/sensors/v4/integrated/firmware/build/sketch/firmware.ino.cpp.o
                0x000000000008034c                ConfigSensorFF()
 .text._Z13WriteSensorFFPh
                0x000000000008034e        0x2 /home/waggle-student/Documents/waggle_repo/sensors/v4/integrated/firmware/build/sketch/firmware.ino.cpp.o
                0x000000000008034e                WriteSensorFF(unsigned char*)
 .text._Z10SensorInitPhh
                0x0000000000080350       0x24 /home/waggle-student/Documents/waggle_repo/sensors/v4/integrated/firmware/build/sketch/firmware.ino.cpp.o
                0x0000000000080350                SensorInit(unsigned char*, unsigned char)
 .text._Z12SensorConfigPhh
                0x0000000000080374       0x24 /home/waggle-student/Documents/waggle_repo/sensors/v4/integrated/firmware/build/sketch/firmware.ino.cpp.o
                0x0000000000080374                SensorConfig(unsigned char*, unsigned char)
 .text._Z11SensorWritePhh
                0x0000000000080398       0x24 /home/waggle-student/Documents/waggle_repo/sensors/v4/integrated/firmware/build/sketch/firmware.ino.cpp.o
                0x0000000000080398                SensorWrite(unsigned char*, unsigned char)
 .text._Z7BusInitPhh
                0x00000000000803bc       0x24 /home/waggle-student/Documents/waggle_repo/sensors/v4/integrated/firmware/build/sketch/firmware.ino.cpp.o
                0x00000000000803bc                BusInit(unsigned char*, unsigned char)
 .text._Z9BusConfigPhh
                0x00000000000803e0       0x24 /home/waggle-student/Documents/waggle_repo/sensors/v4/integrated/firmware/build/sketch/firmware.ino.cpp.o
                0x00000000000803e0                BusConfig(unsigned char*, unsigned char)
 .text._Z9BusEnablePhh
                0x0000000000080404       0x24 /home/waggle-student/Documents/waggle_repo/sensors/v4/integrated/firmware/build/sketch/firmware.ino.cpp.o
                0x0000000000080404                BusEnable(unsigned char*, unsigned char)
 .text._Z10BusDisablePhh
                0x0000000000080428       0x24 /home/waggle-student/Documents/waggle_repo/sensors/v4/integrated/firmware/build/sketch/firmware.ino.cpp.o
                0x0000000000080428                BusDisable(unsigned char*, unsigned char)
 .text._Z8BusWritePhh
                0x000000000008044c       0x24 /home/waggle-student/Documents/waggle_repo/sensors/v4/integrated/firmware/build/sketch/firmware.ino.cpp.o
                0x000000000008044c                BusWrite(unsigned char*, unsigned char)
 .text._Z12InitBusPWM01Ph
                0x0000000000080470        0x8 /home/waggle-student/Documents/waggle_repo/sensors/v4/integrated/firmware/build/sketch/firmware.ino.cpp.o
                0x0000000000080470                InitBusPWM01(unsigned char*)
 .text._Z12InitBusPWM02Ph
                0x0000000000080478        0x8 /home/waggle-student/Documents/waggle_repo/sensors/v4/integrated/firmware/build/sketch/firmware.ino.cpp.o
                0x0000000000080478                InitBusPWM02(unsigned char*)
 .text._Z12InitBusPWM03Ph
                0x0000000000080480        0x8 /home/waggle-student/Documents/waggle_repo/sensors/v4/integrated/firmware/build/sketch/firmware.ino.cpp.o
                0x0000000000080480                InitBusPWM03(unsigned char*)
 .text._Z12InitBusPWM04Ph
                0x0000000000080488        0x8 /home/waggle-student/Documents/waggle_repo/sensors/v4/integrated/firmware/build/sketch/firmware.ino.cpp.o
                0x0000000000080488                InitBusPWM04(unsigned char*)
 .text._Z12InitBusPWM05Ph
                0x0000000000080490        0x8 /home/waggle-student/Documents/waggle_repo/sensors/v4/integrated/firmware/build/sketch/firmware.ino.cpp.o
                0x0000000000080490                InitBusPWM05(unsigned char*)
 .text._Z12InitBusPWM06Ph
                0x0000000000080498        0x8 /home/waggle-student/Documents/waggle_repo/sensors/v4/integrated/firmware/build/sketch/firmware.ino.cpp.o
                0x0000000000080498                InitBusPWM06(unsigned char*)
 .text._Z12InitBusPWM07Ph
                0x00000000000804a0        0x8 /home/waggle-student/Documents/waggle_repo/sensors/v4/integrated/firmware/build/sketch/firmware.ino.cpp.o
                0x00000000000804a0                InitBusPWM07(unsigned char*)
 .text._Z12InitBusPWM08Ph
                0x00000000000804a8        0x8 /home/waggle-student/Documents/waggle_repo/sensors/v4/integrated/firmware/build/sketch/firmware.ino.cpp.o
                0x00000000000804a8                InitBusPWM08(unsigned char*)
 .text._Z12InitBusPWM09Ph
                0x00000000000804b0        0x8 /home/waggle-student/Documents/waggle_repo/sensors/v4/integrated/firmware/build/sketch/firmware.ino.cpp.o
                0x00000000000804b0                InitBusPWM09(unsigned char*)
 .text._Z12InitBusPWM10Ph
                0x00000000000804b8        0x8 /home/waggle-student/Documents/waggle_repo/sensors/v4/integrated/firmware/build/sketch/firmware.ino.cpp.o
                0x00000000000804b8                InitBusPWM10(unsigned char*)
 .text._Z12InitBusPWM11Ph
                0x00000000000804c0        0x8 /home/waggle-student/Documents/waggle_repo/sensors/v4/integrated/firmware/build/sketch/firmware.ino.cpp.o
                0x00000000000804c0                InitBusPWM11(unsigned char*)
 .text._Z12InitBusPWM12Ph
                0x00000000000804c8        0x8 /home/waggle-student/Documents/waggle_repo/sensors/v4/integrated/firmware/build/sketch/firmware.ino.cpp.o
                0x00000000000804c8                InitBusPWM12(unsigned char*)
 .text._Z12InitSensor08v
                0x00000000000804d0       0x1e /home/waggle-student/Documents/waggle_repo/sensors/v4/integrated/firmware/build/sketch/firmware.ino.cpp.o
                0x00000000000804d0                InitSensor08()
 *fill*         0x00000000000804ee        0x2 
 .text._Z7handlerv
                0x00000000000804f0       0x24 /home/waggle-student/Documents/waggle_repo/sensors/v4/integrated/firmware/build/sketch/firmware.ino.cpp.o
                0x00000000000804f0                handler()
 .text._Z17WriteBusDigital33Ph
                0x0000000000080514        0x8 /home/waggle-student/Documents/waggle_repo/sensors/v4/integrated/firmware/build/sketch/firmware.ino.cpp.o
                0x0000000000080514                WriteBusDigital33(unsigned char*)
 .text._Z17WriteBusDigital34Ph
                0x000000000008051c        0x8 /home/waggle-student/Documents/waggle_repo/sensors/v4/integrated/firmware/build/sketch/firmware.ino.cpp.o
                0x000000000008051c                WriteBusDigital34(unsigned char*)
 .text._Z17WriteBusDigital35Ph
                0x0000000000080524        0x8 /home/waggle-student/Documents/waggle_repo/sensors/v4/integrated/firmware/build/sketch/firmware.ino.cpp.o
                0x0000000000080524                WriteBusDigital35(unsigned char*)
 .text._Z17WriteBusDigital36Ph
                0x000000000008052c        0x8 /home/waggle-student/Documents/waggle_repo/sensors/v4/integrated/firmware/build/sketch/firmware.ino.cpp.o
                0x000000000008052c                WriteBusDigital36(unsigned char*)
 .text._Z17WriteBusDigital37Ph
                0x0000000000080534        0x8 /home/waggle-student/Documents/waggle_repo/sensors/v4/integrated/firmware/build/sketch/firmware.ino.cpp.o
                0x0000000000080534                WriteBusDigital37(unsigned char*)
 .text._Z17WriteBusDigital38Ph
                0x000000000008053c        0x8 /home/waggle-student/Documents/waggle_repo/sensors/v4/integrated/firmware/build/sketch/firmware.ino.cpp.o
                0x000000000008053c                WriteBusDigital38(unsigned char*)
 .text._Z17WriteBusDigital39Ph
                0x0000000000080544        0x8 /home/waggle-student/Documents/waggle_repo/sensors/v4/integrated/firmware/build/sketch/firmware.ino.cpp.o
                0x0000000000080544                WriteBusDigital39(unsigned char*)
 .text._Z17WriteBusDigital40Ph
                0x000000000008054c        0x8 /home/waggle-student/Documents/waggle_repo/sensors/v4/integrated/firmware/build/sketch/firmware.ino.cpp.o
                0x000000000008054c                WriteBusDigital40(unsigned char*)
 .text._Z15ReadBusAnalog00PhPi
                0x0000000000080554       0x18 /home/waggle-student/Documents/waggle_repo/sensors/v4/integrated/firmware/build/sketch/firmware.ino.cpp.o
                0x0000000000080554                ReadBusAnalog00(unsigned char*, int*)
 .text._Z15ReadBusAnalog01PhPi
                0x000000000008056c       0x18 /home/waggle-student/Documents/waggle_repo/sensors/v4/integrated/firmware/build/sketch/firmware.ino.cpp.o
                0x000000000008056c                ReadBusAnalog01(unsigned char*, int*)
 .text._Z15ReadBusAnalog02PhPi
                0x0000000000080584       0x18 /home/waggle-student/Documents/waggle_repo/sensors/v4/integrated/firmware/build/sketch/firmware.ino.cpp.o
                0x0000000000080584                ReadBusAnalog02(unsigned char*, int*)
 .text._Z15ReadBusAnalog03PhPi
                0x000000000008059c       0x18 /home/waggle-student/Documents/waggle_repo/sensors/v4/integrated/firmware/build/sketch/firmware.ino.cpp.o
                0x000000000008059c                ReadBusAnalog03(unsigned char*, int*)
 .text._Z15ReadBusAnalog04PhPi
                0x00000000000805b4       0x18 /home/waggle-student/Documents/waggle_repo/sensors/v4/integrated/firmware/build/sketch/firmware.ino.cpp.o
                0x00000000000805b4                ReadBusAnalog04(unsigned char*, int*)
 .text._Z15ReadBusAnalog05PhPi
                0x00000000000805cc       0x18 /home/waggle-student/Documents/waggle_repo/sensors/v4/integrated/firmware/build/sketch/firmware.ino.cpp.o
                0x00000000000805cc                ReadBusAnalog05(unsigned char*, int*)
 .text._Z15ReadBusAnalog06PhPi
                0x00000000000805e4       0x18 /home/waggle-student/Documents/waggle_repo/sensors/v4/integrated/firmware/build/sketch/firmware.ino.cpp.o
                0x00000000000805e4                ReadBusAnalog06(unsigned char*, int*)
 .text._Z15ReadBusAnalog07PhPi
                0x00000000000805fc       0x18 /home/waggle-student/Documents/waggle_repo/sensors/v4/integrated/firmware/build/sketch/firmware.ino.cpp.o
                0x00000000000805fc                ReadBusAnalog07(unsigned char*, int*)
 .text._Z15ReadBusAnalog08PhPi
                0x0000000000080614       0x18 /home/waggle-student/Documents/waggle_repo/sensors/v4/integrated/firmware/build/sketch/firmware.ino.cpp.o
                0x0000000000080614                ReadBusAnalog08(unsigned char*, int*)
 .text._Z15ReadBusAnalog09PhPi
                0x000000000008062c       0x18 /home/waggle-student/Documents/waggle_repo/sensors/v4/integrated/firmware/build/sketch/firmware.ino.cpp.o
                0x000000000008062c                ReadBusAnalog09(unsigned char*, int*)
 .text._Z15ReadBusAnalog10PhPi
                0x0000000000080644       0x18 /home/waggle-student/Documents/waggle_repo/sensors/v4/integrated/firmware/build/sketch/firmware.ino.cpp.o
                0x0000000000080644                ReadBusAnalog10(unsigned char*, int*)
 .text._Z15ReadBusAnalog11PhPi
                0x000000000008065c       0x18 /home/waggle-student/Documents/waggle_repo/sensors/v4/integrated/firmware/build/sketch/firmware.ino.cpp.o
                0x000000000008065c                ReadBusAnalog11(unsigned char*, int*)
 .text._Z12ReadSensor03PhPi
                0x0000000000080674       0x18 /home/waggle-student/Documents/waggle_repo/sensors/v4/integrated/firmware/build/sketch/firmware.ino.cpp.o
                0x0000000000080674                ReadSensor03(unsigned char*, int*)
 .text._Z12ReadSensor05PhPi
                0x000000000008068c       0x18 /home/waggle-student/Documents/waggle_repo/sensors/v4/integrated/firmware/build/sketch/firmware.ino.cpp.o
                0x000000000008068c                ReadSensor05(unsigned char*, int*)
 .text._Z12ReadSensor06PhPi
                0x00000000000806a4       0x18 /home/waggle-student/Documents/waggle_repo/sensors/v4/integrated/firmware/build/sketch/firmware.ino.cpp.o
                0x00000000000806a4                ReadSensor06(unsigned char*, int*)
 .text._Z12ReadSensor08PhPi
                0x00000000000806bc       0x24 /home/waggle-student/Documents/waggle_repo/sensors/v4/integrated/firmware/build/sketch/firmware.ino.cpp.o
                0x00000000000806bc                ReadSensor08(unsigned char*, int*)
 .text._Z16ReadBusDigital33PhPi
                0x00000000000806e0       0x14 /home/waggle-student/Documents/waggle_repo/sensors/v4/integrated/firmware/build/sketch/firmware.ino.cpp.o
                0x00000000000806e0                ReadBusDigital33(unsigned char*, int*)
 .text._Z16ReadBusDigital34PhPi
                0x00000000000806f4       0x14 /home/waggle-student/Documents/waggle_repo/sensors/v4/integrated/firmware/build/sketch/firmware.ino.cpp.o
                0x00000000000806f4                ReadBusDigital34(unsigned char*, int*)
 .text._Z16ReadBusDigital35PhPi
                0x0000000000080708       0x14 /home/waggle-student/Documents/waggle_repo/sensors/v4/integrated/firmware/build/sketch/firmware.ino.cpp.o
                0x0000000000080708                ReadBusDigital35(unsigned char*, int*)
 .text._Z16ReadBusDigital36PhPi
                0x000000000008071c       0x14 /home/waggle-student/Documents/waggle_repo/sensors/v4/integrated/firmware/build/sketch/firmware.ino.cpp.o
                0x000000000008071c                ReadBusDigital36(unsigned char*, int*)
 .text._Z16ReadBusDigital37PhPi
                0x0000000000080730       0x14 /home/waggle-student/Documents/waggle_repo/sensors/v4/integrated/firmware/build/sketch/firmware.ino.cpp.o
                0x0000000000080730                ReadBusDigital37(unsigned char*, int*)
 .text._Z16ReadBusDigital38PhPi
                0x0000000000080744       0x14 /home/waggle-student/Documents/waggle_repo/sensors/v4/integrated/firmware/build/sketch/firmware.ino.cpp.o
                0x0000000000080744                ReadBusDigital38(unsigned char*, int*)
 .text._Z16ReadBusDigital39PhPi
                0x0000000000080758       0x14 /home/waggle-student/Documents/waggle_repo/sensors/v4/integrated/firmware/build/sketch/firmware.ino.cpp.o
                0x0000000000080758                ReadBusDigital39(unsigned char*, int*)
 .text._Z16ReadBusDigital40PhPi
                0x000000000008076c       0x14 /home/waggle-student/Documents/waggle_repo/sensors/v4/integrated/firmware/build/sketch/firmware.ino.cpp.o
                0x000000000008076c                ReadBusDigital40(unsigned char*, int*)
 .text._Z13WriteBusPWM01Ph
                0x0000000000080780       0x12 /home/waggle-student/Documents/waggle_repo/sensors/v4/integrated/firmware/build/sketch/firmware.ino.cpp.o
                0x0000000000080780                WriteBusPWM01(unsigned char*)
 .text._Z13WriteBusPWM02Ph
                0x0000000000080792       0x12 /home/waggle-student/Documents/waggle_repo/sensors/v4/integrated/firmware/build/sketch/firmware.ino.cpp.o
                0x0000000000080792                WriteBusPWM02(unsigned char*)
 .text._Z13WriteBusPWM03Ph
                0x00000000000807a4       0x12 /home/waggle-student/Documents/waggle_repo/sensors/v4/integrated/firmware/build/sketch/firmware.ino.cpp.o
                0x00000000000807a4                WriteBusPWM03(unsigned char*)
 .text._Z13WriteBusPWM04Ph
                0x00000000000807b6       0x12 /home/waggle-student/Documents/waggle_repo/sensors/v4/integrated/firmware/build/sketch/firmware.ino.cpp.o
                0x00000000000807b6                WriteBusPWM04(unsigned char*)
 .text._Z13WriteBusPWM05Ph
                0x00000000000807c8       0x12 /home/waggle-student/Documents/waggle_repo/sensors/v4/integrated/firmware/build/sketch/firmware.ino.cpp.o
                0x00000000000807c8                WriteBusPWM05(unsigned char*)
 .text._Z13WriteBusPWM06Ph
                0x00000000000807da       0x12 /home/waggle-student/Documents/waggle_repo/sensors/v4/integrated/firmware/build/sketch/firmware.ino.cpp.o
                0x00000000000807da                WriteBusPWM06(unsigned char*)
 .text._Z13WriteBusPWM07Ph
                0x00000000000807ec       0x12 /home/waggle-student/Documents/waggle_repo/sensors/v4/integrated/firmware/build/sketch/firmware.ino.cpp.o
                0x00000000000807ec                WriteBusPWM07(unsigned char*)
 .text._Z13WriteBusPWM08Ph
                0x00000000000807fe       0x12 /home/waggle-student/Documents/waggle_repo/sensors/v4/integrated/firmware/build/sketch/firmware.ino.cpp.o
                0x00000000000807fe                WriteBusPWM08(unsigned char*)
 .text._Z13WriteBusPWM09Ph
                0x0000000000080810       0x12 /home/waggle-student/Documents/waggle_repo/sensors/v4/integrated/firmware/build/sketch/firmware.ino.cpp.o
                0x0000000000080810                WriteBusPWM09(unsigned char*)
 .text._Z13WriteBusPWM10Ph
                0x0000000000080822       0x12 /home/waggle-student/Documents/waggle_repo/sensors/v4/integrated/firmware/build/sketch/firmware.ino.cpp.o
                0x0000000000080822                WriteBusPWM10(unsigned char*)
 .text._Z13WriteBusPWM11Ph
                0x0000000000080834       0x12 /home/waggle-student/Documents/waggle_repo/sensors/v4/integrated/firmware/build/sketch/firmware.ino.cpp.o
                0x0000000000080834                WriteBusPWM11(unsigned char*)
 .text._Z13WriteBusPWM12Ph
                0x0000000000080846       0x12 /home/waggle-student/Documents/waggle_repo/sensors/v4/integrated/firmware/build/sketch/firmware.ino.cpp.o
                0x0000000000080846                WriteBusPWM12(unsigned char*)
 .text._Z12ReadSensor00PhPi
                0x0000000000080858       0x58 /home/waggle-student/Documents/waggle_repo/sensors/v4/integrated/firmware/build/sketch/firmware.ino.cpp.o
                0x0000000000080858                ReadSensor00(unsigned char*, int*)
 .text._Z12InitSensor0Cv
                0x00000000000808b0       0x24 /home/waggle-student/Documents/waggle_repo/sensors/v4/integrated/firmware/build/sketch/firmware.ino.cpp.o
                0x00000000000808b0                InitSensor0C()
 .text._Z12InitSensor2Cv
                0x00000000000808d4       0x3c /home/waggle-student/Documents/waggle_repo/sensors/v4/integrated/firmware/build/sketch/firmware.ino.cpp.o
                0x00000000000808d4                InitSensor2C()
 .text._Z12ReadSensor32PhPi
                0x0000000000080910       0x48 /home/waggle-student/Documents/waggle_repo/sensors/v4/integrated/firmware/build/sketch/firmware.ino.cpp.o
                0x0000000000080910                ReadSensor32(unsigned char*, int*)
 .text._Z12ReadSensorFFPhPi
                0x0000000000080958       0x40 /home/waggle-student/Documents/waggle_repo/sensors/v4/integrated/firmware/build/sketch/firmware.ino.cpp.o
                0x0000000000080958                ReadSensorFF(unsigned char*, int*)
 .text._Z5blinkv
                0x0000000000080998       0x24 /home/waggle-student/Documents/waggle_repo/sensors/v4/integrated/firmware/build/sketch/firmware.ino.cpp.o
                0x0000000000080998                blink()
 .text._Z16InitBusDigital33Ph
                0x00000000000809bc       0x10 /home/waggle-student/Documents/waggle_repo/sensors/v4/integrated/firmware/build/sketch/firmware.ino.cpp.o
                0x00000000000809bc                InitBusDigital33(unsigned char*)
 .text._Z16InitBusDigital34Ph
                0x00000000000809cc       0x10 /home/waggle-student/Documents/waggle_repo/sensors/v4/integrated/firmware/build/sketch/firmware.ino.cpp.o
                0x00000000000809cc                InitBusDigital34(unsigned char*)
 .text._Z16InitBusDigital35Ph
                0x00000000000809dc       0x10 /home/waggle-student/Documents/waggle_repo/sensors/v4/integrated/firmware/build/sketch/firmware.ino.cpp.o
                0x00000000000809dc                InitBusDigital35(unsigned char*)
 .text._Z16InitBusDigital36Ph
                0x00000000000809ec       0x10 /home/waggle-student/Documents/waggle_repo/sensors/v4/integrated/firmware/build/sketch/firmware.ino.cpp.o
                0x00000000000809ec                InitBusDigital36(unsigned char*)
 .text._Z16InitBusDigital37Ph
                0x00000000000809fc       0x10 /home/waggle-student/Documents/waggle_repo/sensors/v4/integrated/firmware/build/sketch/firmware.ino.cpp.o
                0x00000000000809fc                InitBusDigital37(unsigned char*)
 .text._Z16InitBusDigital38Ph
                0x0000000000080a0c       0x10 /home/waggle-student/Documents/waggle_repo/sensors/v4/integrated/firmware/build/sketch/firmware.ino.cpp.o
                0x0000000000080a0c                InitBusDigital38(unsigned char*)
 .text._Z16InitBusDigital39Ph
                0x0000000000080a1c       0x10 /home/waggle-student/Documents/waggle_repo/sensors/v4/integrated/firmware/build/sketch/firmware.ino.cpp.o
                0x0000000000080a1c                InitBusDigital39(unsigned char*)
 .text._Z16InitBusDigital40Ph
                0x0000000000080a2c       0x10 /home/waggle-student/Documents/waggle_repo/sensors/v4/integrated/firmware/build/sketch/firmware.ino.cpp.o
                0x0000000000080a2c                InitBusDigital40(unsigned char*)
 .text._Z12InitSensor0Dv
                0x0000000000080a3c       0x2c /home/waggle-student/Documents/waggle_repo/sensors/v4/integrated/firmware/build/sketch/firmware.ino.cpp.o
                0x0000000000080a3c                InitSensor0D()
 .text._Z12InitSensor0Ev
                0x0000000000080a68       0x2c /home/waggle-student/Documents/waggle_repo/sensors/v4/integrated/firmware/build/sketch/firmware.ino.cpp.o
                0x0000000000080a68                InitSensor0E()
 .text._Z12InitSensor0Fv
                0x0000000000080a94       0x2c /home/waggle-student/Documents/waggle_repo/sensors/v4/integrated/firmware/build/sketch/firmware.ino.cpp.o
                0x0000000000080a94                InitSensor0F()
 .text._Z12InitSensor10v
                0x0000000000080ac0       0x2c /home/waggle-student/Documents/waggle_repo/sensors/v4/integrated/firmware/build/sketch/firmware.ino.cpp.o
                0x0000000000080ac0                InitSensor10()
 .text._ZN7TwoWire5writeEi
                0x0000000000080aec        0xc /home/waggle-student/Documents/waggle_repo/sensors/v4/integrated/firmware/build/sketch/firmware.ino.cpp.o
                0x0000000000080aec                TwoWire::write(int)
 .text._ZN11SPISettingsC2Em8BitOrderh
                0x0000000000080af8       0x44 /home/waggle-student/Documents/waggle_repo/sensors/v4/integrated/firmware/build/sketch/firmware.ino.cpp.o
                0x0000000000080af8                SPISettings::SPISettings(unsigned long, BitOrder, unsigned char)
                0x0000000000080af8                SPISettings::SPISettings(unsigned long, BitOrder, unsigned char)
 .text._ZN8SPIClass8transferEh15SPITransferMode
                0x0000000000080b3c       0x12 /home/waggle-student/Documents/waggle_repo/sensors/v4/integrated/firmware/build/sketch/firmware.ino.cpp.o
                0x0000000000080b3c                SPIClass::transfer(unsigned char, SPITransferMode)
 .text._ZN8SPIClass16beginTransactionE11SPISettings
                0x0000000000080b4e       0x12 /home/waggle-student/Documents/waggle_repo/sensors/v4/integrated/firmware/build/sketch/firmware.ino.cpp.o
                0x0000000000080b4e                SPIClass::beginTransaction(SPISettings)
 .text._Z12ReadSensor28PhPi
                0x0000000000080b60       0x74 /home/waggle-student/Documents/waggle_repo/sensors/v4/integrated/firmware/build/sketch/firmware.ino.cpp.o
                0x0000000000080b60                ReadSensor28(unsigned char*, int*)
 .text._Z12ReadSensor29PhPi
                0x0000000000080bd4       0x7c /home/waggle-student/Documents/waggle_repo/sensors/v4/integrated/firmware/build/sketch/firmware.ino.cpp.o
                0x0000000000080bd4                ReadSensor29(unsigned char*, int*)
 .text._Z12ReadSensor2BPhPi
                0x0000000000080c50       0x64 /home/waggle-student/Documents/waggle_repo/sensors/v4/integrated/firmware/build/sketch/firmware.ino.cpp.o
                0x0000000000080c50                ReadSensor2B(unsigned char*, int*)
 .text._Z12ReadSensor30PhPi
                0x0000000000080cb4       0x74 /home/waggle-student/Documents/waggle_repo/sensors/v4/integrated/firmware/build/sketch/firmware.ino.cpp.o
                0x0000000000080cb4                ReadSensor30(unsigned char*, int*)
 .text._Z9check_crcii
                0x0000000000080d28       0x24 /home/waggle-student/Documents/waggle_repo/sensors/v4/integrated/firmware/build/sketch/firmware.ino.cpp.o
                0x0000000000080d28                check_crc(int, int)
 .text._Z13alphasense_onv
                0x0000000000080d4c       0x4c /home/waggle-student/Documents/waggle_repo/sensors/v4/integrated/firmware/build/sketch/firmware.ino.cpp.o